13:10:38 **** Incremental Build of configuration Debug for project IWDG_L4A6 ****
make -j4 all 
arm-none-eabi-gcc "../Core/Src/main.c" -mcpu=cortex-m4 -std=gnu11 -g3 -DDEBUG -DUSE_HAL_DRIVER -DSTM32L4A6xx -c -I../Core/Inc -I../Drivers/STM32L4xx_HAL_Driver/Inc -I../Drivers/STM32L4xx_HAL_Driver/Inc/Legacy -I../Drivers/CMSIS/Device/ST/STM32L4xx/Include -I../Drivers/CMSIS/Include -O0 -ffunction-sections -fdata-sections -Wall -fstack-usage -fcyclomatic-complexity -MMD -MP -MF"Core/Src/main.d" -MT"Core/Src/main.o" --specs=nano.specs -mfpu=fpv4-sp-d16 -mfloat-abi=hard -mthumb -o "Core/Src/main.o"
arm-none-eabi-gcc -o "IWDG_L4A6.elf" @"objects.list"   -mcpu=cortex-m4 -T"/home/dnk066/chirag/STM32/work space/TIMER/IWDG_L4A6/STM32L4A6ZGTX_FLASH.ld" --specs=nosys.specs -Wl,-Map="IWDG_L4A6.map" -Wl,--gc-sections -static --specs=nano.specs -mfpu=fpv4-sp-d16 -mfloat-abi=hard -mthumb -Wl,--start-group -lc -lm -Wl,--end-group
Finished building target: IWDG_L4A6.elf
 
arm-none-eabi-size   IWDG_L4A6.elf 
arm-none-eabi-objdump -h -S  IWDG_L4A6.elf  > "IWDG_L4A6.list"
   text	   data	    bss	    dec	    hex	filename
  17736	    120	   1736	  19592	   4c88	IWDG_L4A6.elf
Finished building: default.size.stdout
 
Finished building: IWDG_L4A6.list
 

13:10:39 Build Finished. 0 errors, 0 warnings. (took 1s.384ms)

