11:00:11 **** Build of configuration Debug for project power_standby_mode ****
make -j4 all 
arm-none-eabi-gcc "../Core/Src/main.c" -mcpu=cortex-m3 -std=gnu11 -g3 -DDEBUG -DUSE_HAL_DRIVER -DSTM32L152xC -c -I../Core/Inc -I../Drivers/STM32L1xx_HAL_Driver/Inc -I../Drivers/STM32L1xx_HAL_Driver/Inc/Legacy -I../Drivers/CMSIS/Device/ST/STM32L1xx/Include -I../Drivers/CMSIS/Include -O0 -ffunction-sections -fdata-sections -Wall -fstack-usage -fcyclomatic-complexity -MMD -MP -MF"Core/Src/main.d" -MT"Core/Src/main.o" --specs=nano.specs -mfloat-abi=soft -mthumb -o "Core/Src/main.o"
arm-none-eabi-gcc -o "power_standby_mode.elf" @"objects.list"   -mcpu=cortex-m3 -T"/home/dnk066/chirag/STM32/work space/TIMER/power_standby_mode/STM32L152RCTX_FLASH.ld" --specs=nosys.specs -Wl,-Map="power_standby_mode.map" -Wl,--gc-sections -static --specs=nano.specs -mfloat-abi=soft -mthumb -u _printf_float -u _scanf_float -Wl,--start-group -lc -lm -Wl,--end-group
Finished building target: power_standby_mode.elf
 
arm-none-eabi-size   power_standby_mode.elf 
arm-none-eabi-objdump -h -S  power_standby_mode.elf  > "power_standby_mode.list"
   text	   data	    bss	    dec	    hex	filename
  33964	    488	   1696	  36148	   8d34	power_standby_mode.elf
Finished building: default.size.stdout
 
Finished building: power_standby_mode.list
 

11:00:12 Build Finished. 0 errors, 0 warnings. (took 1s.147ms)

