18:54:16 **** Incremental Build of configuration Debug for project printing ****
make -j4 all 
arm-none-eabi-gcc "../Core/Src/main.c" -mcpu=cortex-m3 -std=gnu11 -g3 -DDEBUG -DUSE_HAL_DRIVER -DSTM32L152xC -c -I../Core/Inc -I../Drivers/STM32L1xx_HAL_Driver/Inc -I../Drivers/STM32L1xx_HAL_Driver/Inc/Legacy -I../Drivers/CMSIS/Device/ST/STM32L1xx/Include -I../Drivers/CMSIS/Include -O0 -ffunction-sections -fdata-sections -Wall -fstack-usage -fcyclomatic-complexity -MMD -MP -MF"Core/Src/main.d" -MT"Core/Src/main.o" --specs=nano.specs -mfloat-abi=soft -mthumb -o "Core/Src/main.o"
arm-none-eabi-gcc -o "printing.elf" @"objects.list"   -mcpu=cortex-m3 -T"/home/dnk066/chirag/STM32/work space/TIMER/printing/STM32L152RCTX_FLASH.ld" --specs=nosys.specs -Wl,-Map="printing.map" -Wl,--gc-sections -static --specs=nano.specs -mfloat-abi=soft -mthumb -u _printf_float -u _scanf_float -Wl,--start-group -lc -lm -Wl,--end-group
Finished building target: printing.elf
 
arm-none-eabi-size   printing.elf 
arm-none-eabi-objdump -h -S  printing.elf  > "printing.list"
   text	   data	    bss	    dec	    hex	filename
  30524	    488	   1664	  32676	   7fa4	printing.elf
Finished building: default.size.stdout
 
Finished building: printing.list
 

18:54:17 Build Finished. 0 errors, 0 warnings. (took 851ms)

