11:12:50 **** Incremental Build of configuration Debug for project push_btn_led ****
make -j4 all 
arm-none-eabi-gcc "../Core/Src/main.c" -mcpu=cortex-m4 -std=gnu11 -g3 -DDEBUG -DUSE_HAL_DRIVER -DSTM32L496xx -c -I../Core/Inc -I../Drivers/STM32L4xx_HAL_Driver/Inc -I../Drivers/STM32L4xx_HAL_Driver/Inc/Legacy -I../Drivers/CMSIS/Device/ST/STM32L4xx/Include -I../Drivers/CMSIS/Include -O0 -ffunction-sections -fdata-sections -Wall -fstack-usage -fcyclomatic-complexity -MMD -MP -MF"Core/Src/main.d" -MT"Core/Src/main.o" --specs=nano.specs -mfpu=fpv4-sp-d16 -mfloat-abi=hard -mthumb -o "Core/Src/main.o"
arm-none-eabi-gcc -o "push_btn_led.elf" @"objects.list"   -mcpu=cortex-m4 -T"/home/dnk066/chirag/STM32/work space/TIMER/push_btn_led/STM32L496ZGTX_FLASH.ld" --specs=nosys.specs -Wl,-Map="push_btn_led.map" -Wl,--gc-sections -static --specs=nano.specs -mfpu=fpv4-sp-d16 -mfloat-abi=hard -mthumb -Wl,--start-group -lc -lm -Wl,--end-group
Finished building target: push_btn_led.elf
 
arm-none-eabi-size   push_btn_led.elf 
arm-none-eabi-objdump -h -S  push_btn_led.elf  > "push_btn_led.list"
   text	   data	    bss	    dec	    hex	filename
   6200	     20	   1572	   7792	   1e70	push_btn_led.elf
Finished building: default.size.stdout
 
Finished building: push_btn_led.list
 

11:12:51 Build Finished. 0 errors, 0 warnings. (took 994ms)

