10:40:33 **** Incremental Build of configuration Debug for project PWM_LED ****
make -j4 all 
arm-none-eabi-gcc "../Core/Src/main.c" -mcpu=cortex-m4 -std=gnu11 -g3 -DDEBUG -DUSE_HAL_DRIVER -DSTM32L496xx -c -I../Core/Inc -I../Drivers/STM32L4xx_HAL_Driver/Inc -I../Drivers/STM32L4xx_HAL_Driver/Inc/Legacy -I../Drivers/CMSIS/Device/ST/STM32L4xx/Include -I../Drivers/CMSIS/Include -O0 -ffunction-sections -fdata-sections -Wall -fstack-usage -fcyclomatic-complexity -MMD -MP -MF"Core/Src/main.d" -MT"Core/Src/main.o" --specs=nano.specs -mfpu=fpv4-sp-d16 -mfloat-abi=hard -mthumb -o "Core/Src/main.o"
arm-none-eabi-gcc -o "PWM_LED.elf" @"objects.list"   -mcpu=cortex-m4 -T"/home/dnk066/chirag/STM32/work space/TIMER/PWM_LED/STM32L496ZGTXP_FLASH.ld" --specs=nosys.specs -Wl,-Map="PWM_LED.map" -Wl,--gc-sections -static --specs=nano.specs -mfpu=fpv4-sp-d16 -mfloat-abi=hard -mthumb -Wl,--start-group -lc -lm -Wl,--end-group
Finished building target: PWM_LED.elf
 
arm-none-eabi-size   PWM_LED.elf 
arm-none-eabi-objdump -h -S  PWM_LED.elf  > "PWM_LED.list"
   text	   data	    bss	    dec	    hex	filename
  10720	     20	   1644	  12384	   3060	PWM_LED.elf
Finished building: default.size.stdout
 
Finished building: PWM_LED.list
 

10:40:34 Build Finished. 0 errors, 0 warnings. (took 935ms)

