10:27:14 **** Incremental Build of configuration Debug for project stop_mode_rtc ****
make -j4 all 
arm-none-eabi-gcc "../Core/Src/main.c" -mcpu=cortex-m4 -std=gnu11 -g3 -DDEBUG -DUSE_HAL_DRIVER -DSTM32L496xx -c -I../Core/Inc -I../Drivers/STM32L4xx_HAL_Driver/Inc -I../Drivers/STM32L4xx_HAL_Driver/Inc/Legacy -I../Drivers/CMSIS/Device/ST/STM32L4xx/Include -I../Drivers/CMSIS/Include -O0 -ffunction-sections -fdata-sections -Wall -fstack-usage -fcyclomatic-complexity -MMD -MP -MF"Core/Src/main.d" -MT"Core/Src/main.o" --specs=nano.specs -mfpu=fpv4-sp-d16 -mfloat-abi=hard -mthumb -o "Core/Src/main.o"
../Core/Src/main.c: In function 'main':
../Core/Src/main.c:251:4: warning: implicit declaration of function 'enterStopMode' [-Wimplicit-function-declaration]
  251 |    enterStopMode();
      |    ^~~~~~~~~~~~~
../Core/Src/main.c: At top level:
../Core/Src/main.c:590:6: warning: conflicting types for 'enterStopMode'
  590 | void enterStopMode() {
      |      ^~~~~~~~~~~~~
../Core/Src/main.c:251:4: note: previous implicit declaration of 'enterStopMode' was here
  251 |    enterStopMode();
      |    ^~~~~~~~~~~~~
arm-none-eabi-gcc -o "stop_mode_rtc.elf" @"objects.list"   -mcpu=cortex-m4 -T"/home/dnk066/chirag/STM32/stop_mode_rtc/STM32L496ZGTXP_FLASH.ld" --specs=nosys.specs -Wl,-Map="stop_mode_rtc.map" -Wl,--gc-sections -static --specs=nano.specs -mfpu=fpv4-sp-d16 -mfloat-abi=hard -mthumb -Wl,--start-group -lc -lm -Wl,--end-group
Finished building target: stop_mode_rtc.elf
 
arm-none-eabi-size   stop_mode_rtc.elf 
arm-none-eabi-objdump -h -S  stop_mode_rtc.elf  > "stop_mode_rtc.list"
   text	   data	    bss	    dec	    hex	filename
  22276	    124	   1932	  24332	   5f0c	stop_mode_rtc.elf
Finished building: default.size.stdout
 
Finished building: stop_mode_rtc.list
 

10:27:15 Build Finished. 0 errors, 2 warnings. (took 1s.162ms)

