Archive member included to satisfy reference by file (symbol)

/opt/st/stm32cubeide_1.12.1/plugins/com.st.stm32cube.ide.mcu.externaltools.gnu-tools-for-stm32.10.3-2021.10.linux64_1.0.200.202301161003/tools/bin/../lib/gcc/arm-none-eabi/10.3.1/../../../../arm-none-eabi/lib/thumb/v7e-m+fp/hard/libc_nano.a(lib_a-errno.o)
                              ./Core/Src/syscalls.o (__errno)
/opt/st/stm32cubeide_1.12.1/plugins/com.st.stm32cube.ide.mcu.externaltools.gnu-tools-for-stm32.10.3-2021.10.linux64_1.0.200.202301161003/tools/bin/../lib/gcc/arm-none-eabi/10.3.1/../../../../arm-none-eabi/lib/thumb/v7e-m+fp/hard/libc_nano.a(lib_a-exit.o)
                              /opt/st/stm32cubeide_1.12.1/plugins/com.st.stm32cube.ide.mcu.externaltools.gnu-tools-for-stm32.10.3-2021.10.linux64_1.0.200.202301161003/tools/bin/../lib/gcc/arm-none-eabi/10.3.1/../../../../arm-none-eabi/lib/thumb/v7e-m+fp/hard/crt0.o (exit)
/opt/st/stm32cubeide_1.12.1/plugins/com.st.stm32cube.ide.mcu.externaltools.gnu-tools-for-stm32.10.3-2021.10.linux64_1.0.200.202301161003/tools/bin/../lib/gcc/arm-none-eabi/10.3.1/../../../../arm-none-eabi/lib/thumb/v7e-m+fp/hard/libc_nano.a(lib_a-impure.o)
                              /opt/st/stm32cubeide_1.12.1/plugins/com.st.stm32cube.ide.mcu.externaltools.gnu-tools-for-stm32.10.3-2021.10.linux64_1.0.200.202301161003/tools/bin/../lib/gcc/arm-none-eabi/10.3.1/../../../../arm-none-eabi/lib/thumb/v7e-m+fp/hard/libc_nano.a(lib_a-exit.o) (_global_impure_ptr)
/opt/st/stm32cubeide_1.12.1/plugins/com.st.stm32cube.ide.mcu.externaltools.gnu-tools-for-stm32.10.3-2021.10.linux64_1.0.200.202301161003/tools/bin/../lib/gcc/arm-none-eabi/10.3.1/../../../../arm-none-eabi/lib/thumb/v7e-m+fp/hard/libc_nano.a(lib_a-init.o)
                              /opt/st/stm32cubeide_1.12.1/plugins/com.st.stm32cube.ide.mcu.externaltools.gnu-tools-for-stm32.10.3-2021.10.linux64_1.0.200.202301161003/tools/bin/../lib/gcc/arm-none-eabi/10.3.1/../../../../arm-none-eabi/lib/thumb/v7e-m+fp/hard/crt0.o (__libc_init_array)
/opt/st/stm32cubeide_1.12.1/plugins/com.st.stm32cube.ide.mcu.externaltools.gnu-tools-for-stm32.10.3-2021.10.linux64_1.0.200.202301161003/tools/bin/../lib/gcc/arm-none-eabi/10.3.1/../../../../arm-none-eabi/lib/thumb/v7e-m+fp/hard/libc_nano.a(lib_a-malloc.o)
                              ./Middlewares/ST/STM32_USB_Host_Library/Class/AUDIO/Src/usbh_audio.o (malloc)
/opt/st/stm32cubeide_1.12.1/plugins/com.st.stm32cube.ide.mcu.externaltools.gnu-tools-for-stm32.10.3-2021.10.linux64_1.0.200.202301161003/tools/bin/../lib/gcc/arm-none-eabi/10.3.1/../../../../arm-none-eabi/lib/thumb/v7e-m+fp/hard/libc_nano.a(lib_a-memset.o)
                              /opt/st/stm32cubeide_1.12.1/plugins/com.st.stm32cube.ide.mcu.externaltools.gnu-tools-for-stm32.10.3-2021.10.linux64_1.0.200.202301161003/tools/bin/../lib/gcc/arm-none-eabi/10.3.1/../../../../arm-none-eabi/lib/thumb/v7e-m+fp/hard/crt0.o (memset)
/opt/st/stm32cubeide_1.12.1/plugins/com.st.stm32cube.ide.mcu.externaltools.gnu-tools-for-stm32.10.3-2021.10.linux64_1.0.200.202301161003/tools/bin/../lib/gcc/arm-none-eabi/10.3.1/../../../../arm-none-eabi/lib/thumb/v7e-m+fp/hard/libc_nano.a(lib_a-nano-freer.o)
                              /opt/st/stm32cubeide_1.12.1/plugins/com.st.stm32cube.ide.mcu.externaltools.gnu-tools-for-stm32.10.3-2021.10.linux64_1.0.200.202301161003/tools/bin/../lib/gcc/arm-none-eabi/10.3.1/../../../../arm-none-eabi/lib/thumb/v7e-m+fp/hard/libc_nano.a(lib_a-malloc.o) (_free_r)
/opt/st/stm32cubeide_1.12.1/plugins/com.st.stm32cube.ide.mcu.externaltools.gnu-tools-for-stm32.10.3-2021.10.linux64_1.0.200.202301161003/tools/bin/../lib/gcc/arm-none-eabi/10.3.1/../../../../arm-none-eabi/lib/thumb/v7e-m+fp/hard/libc_nano.a(lib_a-nano-mallocr.o)
                              /opt/st/stm32cubeide_1.12.1/plugins/com.st.stm32cube.ide.mcu.externaltools.gnu-tools-for-stm32.10.3-2021.10.linux64_1.0.200.202301161003/tools/bin/../lib/gcc/arm-none-eabi/10.3.1/../../../../arm-none-eabi/lib/thumb/v7e-m+fp/hard/libc_nano.a(lib_a-malloc.o) (_malloc_r)
/opt/st/stm32cubeide_1.12.1/plugins/com.st.stm32cube.ide.mcu.externaltools.gnu-tools-for-stm32.10.3-2021.10.linux64_1.0.200.202301161003/tools/bin/../lib/gcc/arm-none-eabi/10.3.1/../../../../arm-none-eabi/lib/thumb/v7e-m+fp/hard/libc_nano.a(lib_a-sbrkr.o)
                              /opt/st/stm32cubeide_1.12.1/plugins/com.st.stm32cube.ide.mcu.externaltools.gnu-tools-for-stm32.10.3-2021.10.linux64_1.0.200.202301161003/tools/bin/../lib/gcc/arm-none-eabi/10.3.1/../../../../arm-none-eabi/lib/thumb/v7e-m+fp/hard/libc_nano.a(lib_a-nano-mallocr.o) (_sbrk_r)
/opt/st/stm32cubeide_1.12.1/plugins/com.st.stm32cube.ide.mcu.externaltools.gnu-tools-for-stm32.10.3-2021.10.linux64_1.0.200.202301161003/tools/bin/../lib/gcc/arm-none-eabi/10.3.1/../../../../arm-none-eabi/lib/thumb/v7e-m+fp/hard/libc_nano.a(lib_a-mlock.o)
[...]
Memory Configuration

Name             Origin             Length             Attributes
RAM              0x0000000020000000 0x0000000000050000 xrw
RAM2             0x0000000010000000 0x0000000000010000 xrw
FLASH            0x0000000008000000 0x0000000000100000 xr
*default*        0x0000000000000000 0xffffffffffffffff

Linker script and memory map

LOAD /opt/st/stm32cubeide_1.12.1/plugins/com.st.stm32cube.ide.mcu.externaltools.gnu-tools-for-stm32.10.3-2021.10.linux64_1.0.200.202301161003/tools/bin/../lib/gcc/arm-none-eabi/10.3.1/thumb/v7e-m+fp/hard/crti.o
LOAD /opt/st/stm32cubeide_1.12.1/plugins/com.st.stm32cube.ide.mcu.externaltools.gnu-tools-for-stm32.10.3-2021.10.linux64_1.0.200.202301161003/tools/bin/../lib/gcc/arm-none-eabi/10.3.1/thumb/v7e-m+fp/hard/crtbegin.o
LOAD /opt/st/stm32cubeide_1.12.1/plugins/com.st.stm32cube.ide.mcu.externaltools.gnu-tools-for-stm32.10.3-2021.10.linux64_1.0.200.202301161003/tools/bin/../lib/gcc/arm-none-eabi/10.3.1/../../../../arm-none-eabi/lib/thumb/v7e-m+fp/hard/crt0.o
LOAD ./Core/Src/main.o
LOAD ./Core/Src/stm32l4xx_hal_msp.o
LOAD ./Core/Src/stm32l4xx_it.o
LOAD ./Core/Src/syscalls.o
LOAD ./Core/Src/sysmem.o
LOAD ./Core/Src/system_stm32l4xx.o
LOAD ./Core/Startup/startup_stm32l496zgtxp.o
LOAD ./Drivers/STM32L4xx_HAL_Driver/Src/stm32l4xx_hal.o
LOAD ./Drivers/STM32L4xx_HAL_Driver/Src/stm32l4xx_hal_cortex.o
LOAD ./Drivers/STM32L4xx_HAL_Driver/Src/stm32l4xx_hal_dma.o
LOAD ./Drivers/STM32L4xx_HAL_Driver/Src/stm32l4xx_hal_dma_ex.o
LOAD ./Drivers/STM32L4xx_HAL_Driver/Src/stm32l4xx_hal_exti.o
LOAD ./Drivers/STM32L4xx_HAL_Driver/Src/stm32l4xx_hal_flash.o
LOAD ./Drivers/STM32L4xx_HAL_Driver/Src/stm32l4xx_hal_flash_ex.o
LOAD ./Drivers/STM32L4xx_HAL_Driver/Src/stm32l4xx_hal_flash_ramfunc.o
LOAD ./Drivers/STM32L4xx_HAL_Driver/Src/stm32l4xx_hal_gpio.o
LOAD ./Drivers/STM32L4xx_HAL_Driver/Src/stm32l4xx_hal_hcd.o
LOAD ./Drivers/STM32L4xx_HAL_Driver/Src/stm32l4xx_hal_pwr.o
LOAD ./Drivers/STM32L4xx_HAL_Driver/Src/stm32l4xx_hal_pwr_ex.o
LOAD ./Drivers/STM32L4xx_HAL_Driver/Src/stm32l4xx_hal_rcc.o
LOAD ./Drivers/STM32L4xx_HAL_Driver/Src/stm32l4xx_hal_rcc_ex.o
LOAD ./Drivers/STM32L4xx_HAL_Driver/Src/stm32l4xx_hal_tim.o
LOAD ./Drivers/STM32L4xx_HAL_Driver/Src/stm32l4xx_hal_tim_ex.o
LOAD ./Drivers/STM32L4xx_HAL_Driver/Src/stm32l4xx_hal_uart.o
LOAD ./Drivers/STM32L4xx_HAL_Driver/Src/stm32l4xx_hal_uart_ex.o
LOAD ./Drivers/STM32L4xx_HAL_Driver/Src/stm32l4xx_ll_usb.o
LOAD ./Middlewares/ST/STM32_USB_Host_Library/Class/AUDIO/Src/usbh_audio.o
LOAD ./Middlewares/ST/STM32_USB_Host_Library/Core/Src/usbh_core.o
LOAD ./Middlewares/ST/STM32_USB_Host_Library/Core/Src/usbh_ctlreq.o
LOAD ./Middlewares/ST/STM32_USB_Host_Library/Core/Src/usbh_ioreq.o
LOAD ./Middlewares/ST/STM32_USB_Host_Library/Core/Src/usbh_pipes.o
LOAD ./USB_HOST/App/usb_host.o
LOAD ./USB_HOST/Target/usbh_conf.o
LOAD ./USB_HOST/Target/usbh_platform.o
START GROUP
LOAD /opt/st/stm32cubeide_1.12.1/plugins/com.st.stm32cube.ide.mcu.externaltools.gnu-tools-for-stm32.10.3-2021.10.linux64_1.0.200.202301161003/tools/bin/../lib/gcc/arm-none-eabi/10.3.1/../../../../arm-none-eabi/lib/thumb/v7e-m+fp/hard/libc_nano.a
LOAD /opt/st/stm32cubeide_1.12.1/plugins/com.st.stm32cube.ide.mcu.externaltools.gnu-tools-for-stm32.10.3-2021.10.linux64_1.0.200.202301161003/tools/bin/../lib/gcc/arm-none-eabi/10.3.1/../../../../arm-none-eabi/lib/thumb/v7e-m+fp/hard/libm.a
END GROUP
START GROUP
LOAD /opt/st/stm32cubeide_1.12.1/plugins/com.st.stm32cube.ide.mcu.externaltools.gnu-tools-for-stm32.10.3-2021.10.linux64_1.0.200.202301161003/tools/bin/../lib/gcc/arm-none-eabi/10.3.1/thumb/v7e-m+fp/hard/libgcc.a
LOAD /opt/st/stm32cubeide_1.12.1/plugins/com.st.stm32cube.ide.mcu.externaltools.gnu-tools-for-stm32.10.3-2021.10.linux64_1.0.200.202301161003/tools/bin/../lib/gcc/arm-none-eabi/10.3.1/../../../../arm-none-eabi/lib/thumb/v7e-m+fp/hard/libc_nano.a
END GROUP
START GROUP
LOAD /opt/st/stm32cubeide_1.12.1/plugins/com.st.stm32cube.ide.mcu.externaltools.gnu-tools-for-stm32.10.3-2021.10.linux64_1.0.200.202301161003/tools/bin/../lib/gcc/arm-none-eabi/10.3.1/thumb/v7e-m+fp/hard/libgcc.a
LOAD /opt/st/stm32cubeide_1.12.1/plugins/com.st.stm32cube.ide.mcu.externaltools.gnu-tools-for-stm32.10.3-2021.10.linux64_1.0.200.202301161003/tools/bin/../lib/gcc/arm-none-eabi/10.3.1/../../../../arm-none-eabi/lib/thumb/v7e-m+fp/hard/libc_nano.a
LOAD /opt/st/stm32cubeide_1.12.1/plugins/com.st.stm32cube.ide.mcu.externaltools.gnu-tools-for-stm32.10.3-2021.10.linux64_1.0.200.202301161003/tools/bin/../lib/gcc/arm-none-eabi/10.3.1/../../../../arm-none-eabi/lib/thumb/v7e-m+fp/hard/libnosys.a
END GROUP
START GROUP
LOAD /opt/st/stm32cubeide_1.12.1/plugins/com.st.stm32cube.ide.mcu.externaltools.gnu-tools-for-stm32.10.3-2021.10.linux64_1.0.200.202301161003/tools/bin/../lib/gcc/arm-none-eabi/10.3.1/thumb/v7e-m+fp/hard/libgcc.a
LOAD /opt/st/stm32cubeide_1.12.1/plugins/com.st.stm32cube.ide.mcu.externaltools.gnu-tools-for-stm32.10.3-2021.10.linux64_1.0.200.202301161003/tools/bin/../lib/gcc/arm-none-eabi/10.3.1/../../../../arm-none-eabi/lib/thumb/v7e-m+fp/hard/libc_nano.a
LOAD /opt/st/stm32cubeide_1.12.1/plugins/com.st.stm32cube.ide.mcu.externaltools.gnu-tools-for-stm32.10.3-2021.10.linux64_1.0.200.202301161003/tools/bin/../lib/gcc/arm-none-eabi/10.3.1/../../../../arm-none-eabi/lib/thumb/v7e-m+fp/hard/libnosys.a
END GROUP
LOAD /opt/st/stm32cubeide_1.12.1/plugins/com.st.stm32cube.ide.mcu.externaltools.gnu-tools-for-stm32.10.3-2021.10.linux64_1.0.200.202301161003/tools/bin/../lib/gcc/arm-none-eabi/10.3.1/thumb/v7e-m+fp/hard/crtend.o
LOAD /opt/st/stm32cubeide_1.12.1/plugins/com.st.stm32cube.ide.mcu.externaltools.gnu-tools-for-stm32.10.3-2021.10.linux64_1.0.200.202301161003/tools/bin/../lib/gcc/arm-none-eabi/10.3.1/thumb/v7e-m+fp/hard/crtn.o
                0x0000000020050000                _estack = (ORIGIN (RAM) + LENGTH (RAM))
                0x0000000000000200                _Min_Heap_Size = 0x200
                0x0000000000000400                _Min_Stack_Size = 0x400

.isr_vector     0x0000000008000000      0x1ac
                0x0000000008000000                . = ALIGN (0x4)
 *(.isr_vector)
 .isr_vector    0x0000000008000000      0x1ac ./Core/Startup/startup_stm32l496zgtxp.o
                0x0000000008000000                g_pfnVectors
                0x00000000080001ac                . = ALIGN (0x4)

.text           0x00000000080001ac     0x91ac
                0x00000000080001ac                . = ALIGN (0x4)
 *(.text)
 .text          0x00000000080001ac       0x40 /opt/st/stm32cubeide_1.12.1/plugins/com.st.stm32cube.ide.mcu.externaltools.gnu-tools-for-stm32.10.3-2021.10.linux64_1.0.200.202301161003/tools/bin/../lib/gcc/arm-none-eabi/10.3.1/thumb/v7e-m+fp/hard/crtbegin.o
 .text          0x00000000080001ec       0x30 /opt/st/stm32cubeide_1.12.1/plugins/com.st.stm32cube.ide.mcu.externaltools.gnu-tools-for-stm32.10.3-2021.10.linux64_1.0.200.202301161003/tools/bin/../lib/gcc/arm-none-eabi/10.3.1/thumb/v7e-m+fp/hard/libgcc.a(_aeabi_uldivmod.o)
                0x00000000080001ec                __aeabi_uldivmod
 .text          0x000000000800021c      0x2d0 /opt/st/stm32cubeide_1.12.1/plugins/com.st.stm32cube.ide.mcu.externaltools.gnu-tools-for-stm32.10.3-2021.10.linux64_1.0.200.202301161003/tools/bin/../lib/gcc/arm-none-eabi/10.3.1/thumb/v7e-m+fp/hard/libgcc.a(_udivmoddi4.o)
                0x000000000800021c                __udivmoddi4
 .text          0x00000000080004ec        0x4 /opt/st/stm32cubeide_1.12.1/plugins/com.st.stm32cube.ide.mcu.externaltools.gnu-tools-for-stm32.10.3-2021.10.linux64_1.0.200.202301161003/tools/bin/../lib/gcc/arm-none-eabi/10.3.1/thumb/v7e-m+fp/hard/libgcc.a(_dvmd_tls.o)
                0x00000000080004ec                __aeabi_ldiv0
                0x00000000080004ec                __aeabi_idiv0
 *(.text*)
 .text.main     0x00000000080004f0       0x1e ./Core/Src/main.o
                0x00000000080004f0                main
 *fill*         0x000000000800050e        0x2 
 .text.SystemClock_Config
                0x0000000008000510       0xc8 ./Core/Src/main.o
                0x0000000008000510                SystemClock_Config
 .text.MX_LPUART1_UART_Init
                0x00000000080005d8       0x5c ./Core/Src/main.o
 .text.MX_GPIO_Init
                0x0000000008000634      0x134 ./Core/Src/main.o
 .text.Error_Handler
                0x0000000008000768        0xa ./Core/Src/main.o
                0x0000000008000768                Error_Handler
 *fill*         0x0000000008000772        0x2 
 .text.HAL_MspInit
                0x0000000008000774       0x48 ./Core/Src/stm32l4xx_hal_msp.o
                0x0000000008000774                HAL_MspInit
 .text.HAL_UART_MspInit
                0x00000000080007bc       0xc0 ./Core/Src/stm32l4xx_hal_msp.o
                0x00000000080007bc                HAL_UART_MspInit
 .text.NMI_Handler
                0x000000000800087c        0x6 ./Core/Src/stm32l4xx_it.o
                0x000000000800087c                NMI_Handler
 .text.HardFault_Handler
                0x0000000008000882        0x6 ./Core/Src/stm32l4xx_it.o
                0x0000000008000882                HardFault_Handler
 .text.MemManage_Handler
                0x0000000008000888        0x6 ./Core/Src/stm32l4xx_it.o
                0x0000000008000888                MemManage_Handler
 .text.BusFault_Handler
                0x000000000800088e        0x6 ./Core/Src/stm32l4xx_it.o
                0x000000000800088e                BusFault_Handler
 .text.UsageFault_Handler
                0x0000000008000894        0x6 ./Core/Src/stm32l4xx_it.o
                0x0000000008000894                UsageFault_Handler
 .text.SVC_Handler
                0x000000000800089a        0xe ./Core/Src/stm32l4xx_it.o
                0x000000000800089a                SVC_Handler
 .text.DebugMon_Handler
                0x00000000080008a8        0xe ./Core/Src/stm32l4xx_it.o
                0x00000000080008a8                DebugMon_Handler
 .text.PendSV_Handler
                0x00000000080008b6        0xe ./Core/Src/stm32l4xx_it.o
                0x00000000080008b6                PendSV_Handler
 .text.SysTick_Handler
                0x00000000080008c4        0xc ./Core/Src/stm32l4xx_it.o
                0x00000000080008c4                SysTick_Handler
 .text.OTG_FS_IRQHandler
                0x00000000080008d0       0x14 ./Core/Src/stm32l4xx_it.o
                0x00000000080008d0                OTG_FS_IRQHandler
 .text._sbrk    0x00000000080008e4       0x6c ./Core/Src/sysmem.o
                0x00000000080008e4                _sbrk
 .text.SystemInit
                0x0000000008000950       0x24 ./Core/Src/system_stm32l4xx.o
                0x0000000008000950                SystemInit
 .text.Reset_Handler
                0x0000000008000974       0x50 ./Core/Startup/startup_stm32l496zgtxp.o
                0x0000000008000974                Reset_Handler
 .text.Default_Handler
                0x00000000080009c4        0x2 ./Core/Startup/startup_stm32l496zgtxp.o
                0x00000000080009c4                RTC_Alarm_IRQHandler
                0x00000000080009c4                EXTI2_IRQHandler
                0x00000000080009c4                TIM8_TRG_COM_IRQHandler
                0x00000000080009c4                TIM8_CC_IRQHandler
                0x00000000080009c4                TIM1_CC_IRQHandler
                0x00000000080009c4                TSC_IRQHandler
                0x00000000080009c4                TAMP_STAMP_IRQHandler
                0x00000000080009c4                CAN2_RX1_IRQHandler
                0x00000000080009c4                EXTI3_IRQHandler
                0x00000000080009c4                LPTIM2_IRQHandler
                0x00000000080009c4                DFSDM1_FLT1_IRQHandler
                0x00000000080009c4                I2C3_ER_IRQHandler
                0x00000000080009c4                DFSDM1_FLT2_IRQHandler
                0x00000000080009c4                EXTI0_IRQHandler
                0x00000000080009c4                I2C2_EV_IRQHandler
                0x00000000080009c4                CAN1_RX0_IRQHandler
                0x00000000080009c4                FPU_IRQHandler
                0x00000000080009c4                TIM1_UP_TIM16_IRQHandler
                0x00000000080009c4                CAN2_SCE_IRQHandler
                0x00000000080009c4                ADC1_2_IRQHandler
                0x00000000080009c4                SPI1_IRQHandler
                0x00000000080009c4                TIM6_DAC_IRQHandler
                0x00000000080009c4                DCMI_IRQHandler
                0x00000000080009c4                CAN2_RX0_IRQHandler
                0x00000000080009c4                TIM8_UP_IRQHandler
                0x00000000080009c4                DMA2_Channel2_IRQHandler
                0x00000000080009c4                DMA1_Channel4_IRQHandler
                0x00000000080009c4                SAI2_IRQHandler
                0x00000000080009c4                DFSDM1_FLT3_IRQHandler
                0x00000000080009c4                USART3_IRQHandler
                0x00000000080009c4                DMA1_Channel7_IRQHandler
                0x00000000080009c4                CAN1_RX1_IRQHandler
                0x00000000080009c4                LCD_IRQHandler
                0x00000000080009c4                UART5_IRQHandler
                0x00000000080009c4                ADC3_IRQHandler
                0x00000000080009c4                TIM4_IRQHandler
                0x00000000080009c4                DMA2_Channel1_IRQHandler
                0x00000000080009c4                QUADSPI_IRQHandler
                0x00000000080009c4                I2C1_EV_IRQHandler
                0x00000000080009c4                DMA1_Channel6_IRQHandler
                0x00000000080009c4                UART4_IRQHandler
                0x00000000080009c4                DMA2_Channel4_IRQHandler
                0x00000000080009c4                TIM3_IRQHandler
                0x00000000080009c4                RCC_IRQHandler
                0x00000000080009c4                DMA1_Channel1_IRQHandler
                0x00000000080009c4                Default_Handler
                0x00000000080009c4                DMA2_Channel7_IRQHandler
                0x00000000080009c4                EXTI15_10_IRQHandler
                0x00000000080009c4                TIM7_IRQHandler
                0x00000000080009c4                SDMMC1_IRQHandler
                0x00000000080009c4                CAN2_TX_IRQHandler
                0x00000000080009c4                TIM5_IRQHandler
                0x00000000080009c4                I2C3_EV_IRQHandler
                0x00000000080009c4                EXTI9_5_IRQHandler
                0x00000000080009c4                RTC_WKUP_IRQHandler
                0x00000000080009c4                PVD_PVM_IRQHandler
                0x00000000080009c4                SPI2_IRQHandler
                0x00000000080009c4                CAN1_TX_IRQHandler
                0x00000000080009c4                DMA2_Channel5_IRQHandler
                0x00000000080009c4                CRS_IRQHandler
                0x00000000080009c4                DMA1_Channel5_IRQHandler
                0x00000000080009c4                EXTI4_IRQHandler
                0x00000000080009c4                RNG_IRQHandler
                0x00000000080009c4                TIM1_TRG_COM_TIM17_IRQHandler
                0x00000000080009c4                DMA1_Channel3_IRQHandler
                0x00000000080009c4                COMP_IRQHandler
                0x00000000080009c4                WWDG_IRQHandler
                0x00000000080009c4                I2C4_EV_IRQHandler
                0x00000000080009c4                LPUART1_IRQHandler
                0x00000000080009c4                DMA2_Channel6_IRQHandler
                0x00000000080009c4                TIM2_IRQHandler
                0x00000000080009c4                EXTI1_IRQHandler
                0x00000000080009c4                USART2_IRQHandler
                0x00000000080009c4                DFSDM1_FLT0_IRQHandler
                0x00000000080009c4                I2C2_ER_IRQHandler
                0x00000000080009c4                DMA1_Channel2_IRQHandler
                0x00000000080009c4                TIM8_BRK_IRQHandler
                0x00000000080009c4                CAN1_SCE_IRQHandler
                0x00000000080009c4                FLASH_IRQHandler
                0x00000000080009c4                USART1_IRQHandler
                0x00000000080009c4                SPI3_IRQHandler
                0x00000000080009c4                I2C1_ER_IRQHandler
                0x00000000080009c4                FMC_IRQHandler
                0x00000000080009c4                SWPMI1_IRQHandler
                0x00000000080009c4                LPTIM1_IRQHandler
                0x00000000080009c4                I2C4_ER_IRQHandler
                0x00000000080009c4                SAI1_IRQHandler
                0x00000000080009c4                DMA2_Channel3_IRQHandler
                0x00000000080009c4                TIM1_BRK_TIM15_IRQHandler
 .text.HAL_Init
                0x00000000080009c6       0x30 ./Drivers/STM32L4xx_HAL_Driver/Src/stm32l4xx_hal.o
                0x00000000080009c6                HAL_Init
 *fill*         0x00000000080009f6        0x2 
 .text.HAL_InitTick
                0x00000000080009f8       0x78 ./Drivers/STM32L4xx_HAL_Driver/Src/stm32l4xx_hal.o
                0x00000000080009f8                HAL_InitTick
 .text.HAL_IncTick
                0x0000000008000a70       0x28 ./Drivers/STM32L4xx_HAL_Driver/Src/stm32l4xx_hal.o
                0x0000000008000a70                HAL_IncTick
 .text.HAL_GetTick
                0x0000000008000a98       0x18 ./Drivers/STM32L4xx_HAL_Driver/Src/stm32l4xx_hal.o
                0x0000000008000a98                HAL_GetTick
 .text.HAL_Delay
                0x0000000008000ab0       0x48 ./Drivers/STM32L4xx_HAL_Driver/Src/stm32l4xx_hal.o
                0x0000000008000ab0                HAL_Delay
 .text.__NVIC_SetPriorityGrouping
                0x0000000008000af8       0x48 ./Drivers/STM32L4xx_HAL_Driver/Src/stm32l4xx_hal_cortex.o
 .text.__NVIC_GetPriorityGrouping
                0x0000000008000b40       0x1c ./Drivers/STM32L4xx_HAL_Driver/Src/stm32l4xx_hal_cortex.o
 .text.__NVIC_EnableIRQ
                0x0000000008000b5c       0x3c ./Drivers/STM32L4xx_HAL_Driver/Src/stm32l4xx_hal_cortex.o
 .text.__NVIC_SetPriority
                0x0000000008000b98       0x54 ./Drivers/STM32L4xx_HAL_Driver/Src/stm32l4xx_hal_cortex.o
 .text.NVIC_EncodePriority
                0x0000000008000bec       0x66 ./Drivers/STM32L4xx_HAL_Driver/Src/stm32l4xx_hal_cortex.o
 *fill*         0x0000000008000c52        0x2 
 .text.SysTick_Config
                0x0000000008000c54       0x44 ./Drivers/STM32L4xx_HAL_Driver/Src/stm32l4xx_hal_cortex.o
 .text.HAL_NVIC_SetPriorityGrouping
                0x0000000008000c98       0x16 ./Drivers/STM32L4xx_HAL_Driver/Src/stm32l4xx_hal_cortex.o
                0x0000000008000c98                HAL_NVIC_SetPriorityGrouping
 .text.HAL_NVIC_SetPriority
                0x0000000008000cae       0x38 ./Drivers/STM32L4xx_HAL_Driver/Src/stm32l4xx_hal_cortex.o
                0x0000000008000cae                HAL_NVIC_SetPriority
 .text.HAL_NVIC_EnableIRQ
                0x0000000008000ce6       0x1c ./Drivers/STM32L4xx_HAL_Driver/Src/stm32l4xx_hal_cortex.o
                0x0000000008000ce6                HAL_NVIC_EnableIRQ
 .text.HAL_SYSTICK_Config
                0x0000000008000d02       0x18 ./Drivers/STM32L4xx_HAL_Driver/Src/stm32l4xx_hal_cortex.o
                0x0000000008000d02                HAL_SYSTICK_Config
 *fill*         0x0000000008000d1a        0x2 
 .text.HAL_GPIO_Init
                0x0000000008000d1c      0x324 ./Drivers/STM32L4xx_HAL_Driver/Src/stm32l4xx_hal_gpio.o
                0x0000000008000d1c                HAL_GPIO_Init
 .text.HAL_GPIO_WritePin
                0x0000000008001040       0x30 ./Drivers/STM32L4xx_HAL_Driver/Src/stm32l4xx_hal_gpio.o
                0x0000000008001040                HAL_GPIO_WritePin
 .text.HAL_HCD_Init
                0x0000000008001070       0xc4 ./Drivers/STM32L4xx_HAL_Driver/Src/stm32l4xx_hal_hcd.o
                0x0000000008001070                HAL_HCD_Init
 .text.HAL_HCD_HC_Init
                0x0000000008001134      0x11e ./Drivers/STM32L4xx_HAL_Driver/Src/stm32l4xx_hal_hcd.o
                0x0000000008001134                HAL_HCD_HC_Init
 .text.HAL_HCD_HC_Halt
                0x0000000008001252       0x46 ./Drivers/STM32L4xx_HAL_Driver/Src/stm32l4xx_hal_hcd.o
                0x0000000008001252                HAL_HCD_HC_Halt
 .text.HAL_HCD_HC_SubmitRequest
                0x0000000008001298      0x2a4 ./Drivers/STM32L4xx_HAL_Driver/Src/stm32l4xx_hal_hcd.o
                0x0000000008001298                HAL_HCD_HC_SubmitRequest
 .text.HAL_HCD_IRQHandler
                0x000000000800153c      0x216 ./Drivers/STM32L4xx_HAL_Driver/Src/stm32l4xx_hal_hcd.o
                0x000000000800153c                HAL_HCD_IRQHandler
 .text.HAL_HCD_Start
                0x0000000008001752       0x46 ./Drivers/STM32L4xx_HAL_Driver/Src/stm32l4xx_hal_hcd.o
                0x0000000008001752                HAL_HCD_Start
 .text.HAL_HCD_Stop
                0x0000000008001798       0x3a ./Drivers/STM32L4xx_HAL_Driver/Src/stm32l4xx_hal_hcd.o
                0x0000000008001798                HAL_HCD_Stop
 .text.HAL_HCD_ResetPort
                0x00000000080017d2       0x1c ./Drivers/STM32L4xx_HAL_Driver/Src/stm32l4xx_hal_hcd.o
                0x00000000080017d2                HAL_HCD_ResetPort
 .text.HAL_HCD_HC_GetURBState
                0x00000000080017ee       0x28 ./Drivers/STM32L4xx_HAL_Driver/Src/stm32l4xx_hal_hcd.o
                0x00000000080017ee                HAL_HCD_HC_GetURBState
 .text.HAL_HCD_GetCurrentFrame
                0x0000000008001816       0x1c ./Drivers/STM32L4xx_HAL_Driver/Src/stm32l4xx_hal_hcd.o
                0x0000000008001816                HAL_HCD_GetCurrentFrame
 .text.HAL_HCD_GetCurrentSpeed
                0x0000000008001832       0x1c ./Drivers/STM32L4xx_HAL_Driver/Src/stm32l4xx_hal_hcd.o
                0x0000000008001832                HAL_HCD_GetCurrentSpeed
 .text.HCD_HC_IN_IRQHandler
                0x000000000800184e      0x666 ./Drivers/STM32L4xx_HAL_Driver/Src/stm32l4xx_hal_hcd.o
 .text.HCD_HC_OUT_IRQHandler
                0x0000000008001eb4      0x604 ./Drivers/STM32L4xx_HAL_Driver/Src/stm32l4xx_hal_hcd.o
 .text.HCD_RXQLVL_IRQHandler
                0x00000000080024b8      0x1a4 ./Drivers/STM32L4xx_HAL_Driver/Src/stm32l4xx_hal_hcd.o
 .text.HCD_Port_IRQHandler
                0x000000000800265c       0xe6 ./Drivers/STM32L4xx_HAL_Driver/Src/stm32l4xx_hal_hcd.o
 *fill*         0x0000000008002742        0x2 
 .text.HAL_PWR_EnableBkUpAccess
                0x0000000008002744       0x20 ./Drivers/STM32L4xx_HAL_Driver/Src/stm32l4xx_hal_pwr.o
                0x0000000008002744                HAL_PWR_EnableBkUpAccess
 .text.HAL_PWREx_GetVoltageRange
                0x0000000008002764       0x1c ./Drivers/STM32L4xx_HAL_Driver/Src/stm32l4xx_hal_pwr_ex.o
                0x0000000008002764                HAL_PWREx_GetVoltageRange
 .text.HAL_PWREx_ControlVoltageScaling
                0x0000000008002780       0xac ./Drivers/STM32L4xx_HAL_Driver/Src/stm32l4xx_hal_pwr_ex.o
                0x0000000008002780                HAL_PWREx_ControlVoltageScaling
 .text.HAL_PWREx_EnableVddUSB
                0x000000000800282c       0x20 ./Drivers/STM32L4xx_HAL_Driver/Src/stm32l4xx_hal_pwr_ex.o
                0x000000000800282c                HAL_PWREx_EnableVddUSB
 .text.HAL_PWREx_EnableVddIO2
                0x000000000800284c       0x20 ./Drivers/STM32L4xx_HAL_Driver/Src/stm32l4xx_hal_pwr_ex.o
                0x000000000800284c                HAL_PWREx_EnableVddIO2
 .text.HAL_RCC_OscConfig
                0x000000000800286c      0x834 ./Drivers/STM32L4xx_HAL_Driver/Src/stm32l4xx_hal_rcc.o
                0x000000000800286c                HAL_RCC_OscConfig
 .text.HAL_RCC_ClockConfig
                0x00000000080030a0      0x200 ./Drivers/STM32L4xx_HAL_Driver/Src/stm32l4xx_hal_rcc.o
                0x00000000080030a0                HAL_RCC_ClockConfig
 .text.HAL_RCC_GetSysClockFreq
                0x00000000080032a0      0x118 ./Drivers/STM32L4xx_HAL_Driver/Src/stm32l4xx_hal_rcc.o
                0x00000000080032a0                HAL_RCC_GetSysClockFreq
 .text.HAL_RCC_GetHCLKFreq
                0x00000000080033b8       0x18 ./Drivers/STM32L4xx_HAL_Driver/Src/stm32l4xx_hal_rcc.o
                0x00000000080033b8                HAL_RCC_GetHCLKFreq
 .text.HAL_RCC_GetPCLK1Freq
                0x00000000080033d0       0x2c ./Drivers/STM32L4xx_HAL_Driver/Src/stm32l4xx_hal_rcc.o
                0x00000000080033d0                HAL_RCC_GetPCLK1Freq
 .text.HAL_RCC_GetPCLK2Freq
                0x00000000080033fc       0x2c ./Drivers/STM32L4xx_HAL_Driver/Src/stm32l4xx_hal_rcc.o
                0x00000000080033fc                HAL_RCC_GetPCLK2Freq
 .text.RCC_SetFlashLatencyFromMSIRange
                0x0000000008003428       0xc0 ./Drivers/STM32L4xx_HAL_Driver/Src/stm32l4xx_hal_rcc.o
 .text.HAL_RCCEx_PeriphCLKConfig
                0x00000000080034e8      0x5f8 ./Drivers/STM32L4xx_HAL_Driver/Src/stm32l4xx_hal_rcc_ex.o
                0x00000000080034e8                HAL_RCCEx_PeriphCLKConfig
 .text.HAL_RCCEx_EnableMSIPLLMode
                0x0000000008003ae0       0x20 ./Drivers/STM32L4xx_HAL_Driver/Src/stm32l4xx_hal_rcc_ex.o
                0x0000000008003ae0                HAL_RCCEx_EnableMSIPLLMode
 .text.RCCEx_PLLSAI1_Config
                0x0000000008003b00      0x1e4 ./Drivers/STM32L4xx_HAL_Driver/Src/stm32l4xx_hal_rcc_ex.o
 .text.RCCEx_PLLSAI2_Config
                0x0000000008003ce4      0x1b8 ./Drivers/STM32L4xx_HAL_Driver/Src/stm32l4xx_hal_rcc_ex.o
 .text.HAL_UART_Init
                0x0000000008003e9c       0x9c ./Drivers/STM32L4xx_HAL_Driver/Src/stm32l4xx_hal_uart.o
                0x0000000008003e9c                HAL_UART_Init
 .text.UART_SetConfig
                0x0000000008003f38      0x570 ./Drivers/STM32L4xx_HAL_Driver/Src/stm32l4xx_hal_uart.o
                0x0000000008003f38                UART_SetConfig
 .text.UART_AdvFeatureConfig
                0x00000000080044a8      0x144 ./Drivers/STM32L4xx_HAL_Driver/Src/stm32l4xx_hal_uart.o
                0x00000000080044a8                UART_AdvFeatureConfig
 .text.UART_CheckIdleState
                0x00000000080045ec       0x92 ./Drivers/STM32L4xx_HAL_Driver/Src/stm32l4xx_hal_uart.o
                0x00000000080045ec                UART_CheckIdleState
 .text.UART_WaitOnFlagUntilTimeout
                0x000000000800467e      0x188 ./Drivers/STM32L4xx_HAL_Driver/Src/stm32l4xx_hal_uart.o
                0x000000000800467e                UART_WaitOnFlagUntilTimeout
 .text.USB_CoreInit
                0x0000000008004806       0x58 ./Drivers/STM32L4xx_HAL_Driver/Src/stm32l4xx_ll_usb.o
                0x0000000008004806                USB_CoreInit
 .text.USB_EnableGlobalInt
                0x000000000800485e       0x22 ./Drivers/STM32L4xx_HAL_Driver/Src/stm32l4xx_ll_usb.o
                0x000000000800485e                USB_EnableGlobalInt
 .text.USB_DisableGlobalInt
                0x0000000008004880       0x22 ./Drivers/STM32L4xx_HAL_Driver/Src/stm32l4xx_ll_usb.o
                0x0000000008004880                USB_DisableGlobalInt
 .text.USB_SetCurrentMode
                0x00000000080048a2       0x98 ./Drivers/STM32L4xx_HAL_Driver/Src/stm32l4xx_ll_usb.o
                0x00000000080048a2                USB_SetCurrentMode
 *fill*         0x000000000800493a        0x2 
 .text.USB_FlushTxFifo
                0x000000000800493c       0x68 ./Drivers/STM32L4xx_HAL_Driver/Src/stm32l4xx_ll_usb.o
                0x000000000800493c                USB_FlushTxFifo
 .text.USB_FlushRxFifo
                0x00000000080049a4       0x60 ./Drivers/STM32L4xx_HAL_Driver/Src/stm32l4xx_ll_usb.o
                0x00000000080049a4                USB_FlushRxFifo
 .text.USB_WritePacket
                0x0000000008004a04       0x74 ./Drivers/STM32L4xx_HAL_Driver/Src/stm32l4xx_ll_usb.o
                0x0000000008004a04                USB_WritePacket
 .text.USB_ReadPacket
                0x0000000008004a78       0xb0 ./Drivers/STM32L4xx_HAL_Driver/Src/stm32l4xx_ll_usb.o
                0x0000000008004a78                USB_ReadPacket
 .text.USB_ReadInterrupts
                0x0000000008004b28       0x26 ./Drivers/STM32L4xx_HAL_Driver/Src/stm32l4xx_ll_usb.o
                0x0000000008004b28                USB_ReadInterrupts
 .text.USB_GetMode
                0x0000000008004b4e       0x1c ./Drivers/STM32L4xx_HAL_Driver/Src/stm32l4xx_ll_usb.o
                0x0000000008004b4e                USB_GetMode
 *fill*         0x0000000008004b6a        0x2 
 .text.USB_CoreReset
                0x0000000008004b6c       0x68 ./Drivers/STM32L4xx_HAL_Driver/Src/stm32l4xx_ll_usb.o
 .text.USB_HostInit
                0x0000000008004bd4      0x104 ./Drivers/STM32L4xx_HAL_Driver/Src/stm32l4xx_ll_usb.o
                0x0000000008004bd4                USB_HostInit
 .text.USB_InitFSLSPClkSel
                0x0000000008004cd8       0x74 ./Drivers/STM32L4xx_HAL_Driver/Src/stm32l4xx_ll_usb.o
                0x0000000008004cd8                USB_InitFSLSPClkSel
 .text.USB_ResetPort
                0x0000000008004d4c       0x54 ./Drivers/STM32L4xx_HAL_Driver/Src/stm32l4xx_ll_usb.o
                0x0000000008004d4c                USB_ResetPort
 .text.USB_DriveVbus
                0x0000000008004da0       0x72 ./Drivers/STM32L4xx_HAL_Driver/Src/stm32l4xx_ll_usb.o
                0x0000000008004da0                USB_DriveVbus
 .text.USB_GetHostSpeed
                0x0000000008004e12       0x2e ./Drivers/STM32L4xx_HAL_Driver/Src/stm32l4xx_ll_usb.o
                0x0000000008004e12                USB_GetHostSpeed
 .text.USB_GetCurrentFrame
                0x0000000008004e40       0x22 ./Drivers/STM32L4xx_HAL_Driver/Src/stm32l4xx_ll_usb.o
                0x0000000008004e40                USB_GetCurrentFrame
 *fill*         0x0000000008004e62        0x2 
 .text.USB_HC_Init
                0x0000000008004e64      0x218 ./Drivers/STM32L4xx_HAL_Driver/Src/stm32l4xx_ll_usb.o
                0x0000000008004e64                USB_HC_Init
 .text.USB_HC_StartXfer
                0x000000000800507c      0x1f0 ./Drivers/STM32L4xx_HAL_Driver/Src/stm32l4xx_ll_usb.o
                0x000000000800507c                USB_HC_StartXfer
 .text.USB_HC_ReadInterrupt
                0x000000000800526c       0x22 ./Drivers/STM32L4xx_HAL_Driver/Src/stm32l4xx_ll_usb.o
                0x000000000800526c                USB_HC_ReadInterrupt
 .text.USB_HC_Halt
                0x000000000800528e      0x1f8 ./Drivers/STM32L4xx_HAL_Driver/Src/stm32l4xx_ll_usb.o
                0x000000000800528e                USB_HC_Halt
 .text.USB_StopHost
                0x0000000008005486      0x124 ./Drivers/STM32L4xx_HAL_Driver/Src/stm32l4xx_ll_usb.o
                0x0000000008005486                USB_StopHost
 .text.USBH_AUDIO_InterfaceInit
                0x00000000080055aa      0x37e ./Middlewares/ST/STM32_USB_Host_Library/Class/AUDIO/Src/usbh_audio.o
 .text.USBH_AUDIO_InterfaceDeInit
                0x0000000008005928       0xca ./Middlewares/ST/STM32_USB_Host_Library/Class/AUDIO/Src/usbh_audio.o
 *fill*         0x00000000080059f2        0x2 
 .text.USBH_AUDIO_ClassRequest
                0x00000000080059f4      0x1c4 ./Middlewares/ST/STM32_USB_Host_Library/Class/AUDIO/Src/usbh_audio.o
 .text.USBH_AUDIO_CSRequest
                0x0000000008005bb8      0x1a0 ./Middlewares/ST/STM32_USB_Host_Library/Class/AUDIO/Src/usbh_audio.o
 .text.USBH_AUDIO_HandleCSRequest
                0x0000000008005d58       0x7c ./Middlewares/ST/STM32_USB_Host_Library/Class/AUDIO/Src/usbh_audio.o
 .text.USBH_AUDIO_Process
                0x0000000008005dd4       0x40 ./Middlewares/ST/STM32_USB_Host_Library/Class/AUDIO/Src/usbh_audio.o
 .text.USBH_AUDIO_SOFProcess
                0x0000000008005e14       0x16 ./Middlewares/ST/STM32_USB_Host_Library/Class/AUDIO/Src/usbh_audio.o
 .text.USBH_AUDIO_FindAudioStreamingIN
                0x0000000008005e2a      0x17e ./Middlewares/ST/STM32_USB_Host_Library/Class/AUDIO/Src/usbh_audio.o
 .text.USBH_AUDIO_FindAudioStreamingOUT
                0x0000000008005fa8      0x17e ./Middlewares/ST/STM32_USB_Host_Library/Class/AUDIO/Src/usbh_audio.o
 .text.USBH_AUDIO_FindHIDControl
                0x0000000008006126      0x104 ./Middlewares/ST/STM32_USB_Host_Library/Class/AUDIO/Src/usbh_audio.o
 .text.USBH_AUDIO_ParseCSDescriptors
                0x000000000800622a       0xdc ./Middlewares/ST/STM32_USB_Host_Library/Class/AUDIO/Src/usbh_audio.o
 *fill*         0x0000000008006306        0x2 
 .text.ParseCSDescriptors
                0x0000000008006308      0x138 ./Middlewares/ST/STM32_USB_Host_Library/Class/AUDIO/Src/usbh_audio.o
 .text.USBH_AUDIO_FindLinkedUnit
                0x0000000008006440      0x16e ./Middlewares/ST/STM32_USB_Host_Library/Class/AUDIO/Src/usbh_audio.o
 *fill*         0x00000000080065ae        0x2 
 .text.USBH_AUDIO_BuildMicrophonePath
                0x00000000080065b0      0x110 ./Middlewares/ST/STM32_USB_Host_Library/Class/AUDIO/Src/usbh_audio.o
 .text.USBH_AUDIO_BuildHeadphonePath
                0x00000000080066c0      0x188 ./Middlewares/ST/STM32_USB_Host_Library/Class/AUDIO/Src/usbh_audio.o
 .text.USBH_AC_SetCur
                0x0000000008006848       0xf4 ./Middlewares/ST/STM32_USB_Host_Library/Class/AUDIO/Src/usbh_audio.o
 .text.USBH_AC_GetCur
                0x000000000800693c      0x12e ./Middlewares/ST/STM32_USB_Host_Library/Class/AUDIO/Src/usbh_audio.o
 .text.USBH_AC_GetMax
                0x0000000008006a6a      0x12e ./Middlewares/ST/STM32_USB_Host_Library/Class/AUDIO/Src/usbh_audio.o
 .text.USBH_AC_GetRes
                0x0000000008006b98      0x12e ./Middlewares/ST/STM32_USB_Host_Library/Class/AUDIO/Src/usbh_audio.o
 .text.USBH_AC_GetMin
                0x0000000008006cc6      0x12e ./Middlewares/ST/STM32_USB_Host_Library/Class/AUDIO/Src/usbh_audio.o
 .text.USBH_AUDIO_SetEndpointControls
                0x0000000008006df4       0x50 ./Middlewares/ST/STM32_USB_Host_Library/Class/AUDIO/Src/usbh_audio.o
 .text.USBH_AUDIO_InputStream
                0x0000000008006e44       0x1a ./Middlewares/ST/STM32_USB_Host_Library/Class/AUDIO/Src/usbh_audio.o
 *fill*         0x0000000008006e5e        0x2 
 .text.USBH_AUDIO_Control
                0x0000000008006e60      0x168 ./Middlewares/ST/STM32_USB_Host_Library/Class/AUDIO/Src/usbh_audio.o
 .text.USBH_AUDIO_OutputStream
                0x0000000008006fc8       0xf0 ./Middlewares/ST/STM32_USB_Host_Library/Class/AUDIO/Src/usbh_audio.o
 .text.USBH_AUDIO_Transmit
                0x00000000080070b8      0x168 ./Middlewares/ST/STM32_USB_Host_Library/Class/AUDIO/Src/usbh_audio.o
 .text.USBH_AUDIO_SetControlAttribute
                0x0000000008007220       0xf8 ./Middlewares/ST/STM32_USB_Host_Library/Class/AUDIO/Src/usbh_audio.o
 .text.AUDIO_SetVolume
                0x0000000008007318       0x52 ./Middlewares/ST/STM32_USB_Host_Library/Class/AUDIO/Src/usbh_audio.o
 .text.USBH_AUDIO_FrequencySet
                0x000000000800736a       0x14 ./Middlewares/ST/STM32_USB_Host_Library/Class/AUDIO/Src/usbh_audio.o
                0x000000000800736a                USBH_AUDIO_FrequencySet
 .text.USBH_AUDIO_BufferEmptyCallback
                0x000000000800737e       0x14 ./Middlewares/ST/STM32_USB_Host_Library/Class/AUDIO/Src/usbh_audio.o
                0x000000000800737e                USBH_AUDIO_BufferEmptyCallback
 .text.USBH_Init
                0x0000000008007392       0x74 ./Middlewares/ST/STM32_USB_Host_Library/Core/Src/usbh_core.o
                0x0000000008007392                USBH_Init
 .text.DeInitStateMachine
                0x0000000008007406       0xaa ./Middlewares/ST/STM32_USB_Host_Library/Core/Src/usbh_core.o
 .text.USBH_RegisterClass
                0x00000000080074b0       0x56 ./Middlewares/ST/STM32_USB_Host_Library/Core/Src/usbh_core.o
                0x00000000080074b0                USBH_RegisterClass
 .text.USBH_FindInterface
                0x0000000008007506       0x8c ./Middlewares/ST/STM32_USB_Host_Library/Core/Src/usbh_core.o
                0x0000000008007506                USBH_FindInterface
 .text.USBH_FindInterfaceIndex
                0x0000000008007592       0x66 ./Middlewares/ST/STM32_USB_Host_Library/Core/Src/usbh_core.o
                0x0000000008007592                USBH_FindInterfaceIndex
 .text.USBH_Start
                0x00000000080075f8       0x20 ./Middlewares/ST/STM32_USB_Host_Library/Core/Src/usbh_core.o
                0x00000000080075f8                USBH_Start
 .text.USBH_Process
                0x0000000008007618      0x3c4 ./Middlewares/ST/STM32_USB_Host_Library/Core/Src/usbh_core.o
                0x0000000008007618                USBH_Process
 .text.USBH_HandleEnum
                0x00000000080079dc      0x3c8 ./Middlewares/ST/STM32_USB_Host_Library/Core/Src/usbh_core.o
 .text.USBH_LL_SetTimer
                0x0000000008007da4       0x1e ./Middlewares/ST/STM32_USB_Host_Library/Core/Src/usbh_core.o
                0x0000000008007da4                USBH_LL_SetTimer
 .text.USBH_LL_IncTimer
                0x0000000008007dc2       0x24 ./Middlewares/ST/STM32_USB_Host_Library/Core/Src/usbh_core.o
                0x0000000008007dc2                USBH_LL_IncTimer
 .text.USBH_HandleSof
                0x0000000008007de6       0x30 ./Middlewares/ST/STM32_USB_Host_Library/Core/Src/usbh_core.o
 .text.USBH_LL_PortEnabled
                0x0000000008007e16       0x1c ./Middlewares/ST/STM32_USB_Host_Library/Core/Src/usbh_core.o
                0x0000000008007e16                USBH_LL_PortEnabled
 .text.USBH_LL_PortDisabled
                0x0000000008007e32       0x1c ./Middlewares/ST/STM32_USB_Host_Library/Core/Src/usbh_core.o
                0x0000000008007e32                USBH_LL_PortDisabled
 .text.USBH_LL_Connect
                0x0000000008007e4e       0x2e ./Middlewares/ST/STM32_USB_Host_Library/Core/Src/usbh_core.o
                0x0000000008007e4e                USBH_LL_Connect
 .text.USBH_LL_Disconnect
                0x0000000008007e7c       0x48 ./Middlewares/ST/STM32_USB_Host_Library/Core/Src/usbh_core.o
                0x0000000008007e7c                USBH_LL_Disconnect
 .text.USBH_Get_DevDesc
                0x0000000008007ec4       0x50 ./Middlewares/ST/STM32_USB_Host_Library/Core/Src/usbh_ctlreq.o
                0x0000000008007ec4                USBH_Get_DevDesc
 .text.USBH_Get_CfgDesc
                0x0000000008007f14       0x48 ./Middlewares/ST/STM32_USB_Host_Library/Core/Src/usbh_ctlreq.o
                0x0000000008007f14                USBH_Get_CfgDesc
 .text.USBH_Get_StringDesc
                0x0000000008007f5c       0x56 ./Middlewares/ST/STM32_USB_Host_Library/Core/Src/usbh_ctlreq.o
                0x0000000008007f5c                USBH_Get_StringDesc
 .text.USBH_GetDescriptor
                0x0000000008007fb2       0x6a ./Middlewares/ST/STM32_USB_Host_Library/Core/Src/usbh_ctlreq.o
                0x0000000008007fb2                USBH_GetDescriptor
 .text.USBH_SetAddress
                0x000000000800801c       0x48 ./Middlewares/ST/STM32_USB_Host_Library/Core/Src/usbh_ctlreq.o
                0x000000000800801c                USBH_SetAddress
 .text.USBH_SetCfg
                0x0000000008008064       0x46 ./Middlewares/ST/STM32_USB_Host_Library/Core/Src/usbh_ctlreq.o
                0x0000000008008064                USBH_SetCfg
 .text.USBH_SetInterface
                0x00000000080080aa       0x4e ./Middlewares/ST/STM32_USB_Host_Library/Core/Src/usbh_ctlreq.o
                0x00000000080080aa                USBH_SetInterface
 .text.USBH_SetFeature
                0x00000000080080f8       0x48 ./Middlewares/ST/STM32_USB_Host_Library/Core/Src/usbh_ctlreq.o
                0x00000000080080f8                USBH_SetFeature
 .text.USBH_ParseDevDesc
                0x0000000008008140       0xe0 ./Middlewares/ST/STM32_USB_Host_Library/Core/Src/usbh_ctlreq.o
 .text.USBH_ParseCfgDesc
                0x0000000008008220      0x144 ./Middlewares/ST/STM32_USB_Host_Library/Core/Src/usbh_ctlreq.o
 .text.USBH_ParseInterfaceDesc
                0x0000000008008364       0x5e ./Middlewares/ST/STM32_USB_Host_Library/Core/Src/usbh_ctlreq.o
 .text.USBH_ParseEPDesc
                0x00000000080083c2       0x5a ./Middlewares/ST/STM32_USB_Host_Library/Core/Src/usbh_ctlreq.o
 .text.USBH_ParseStringDesc
                0x000000000800841c       0x66 ./Middlewares/ST/STM32_USB_Host_Library/Core/Src/usbh_ctlreq.o
 .text.USBH_GetNextDesc
                0x0000000008008482       0x36 ./Middlewares/ST/STM32_USB_Host_Library/Core/Src/usbh_ctlreq.o
                0x0000000008008482                USBH_GetNextDesc
 .text.USBH_CtlReq
                0x00000000080084b8       0x7a ./Middlewares/ST/STM32_USB_Host_Library/Core/Src/usbh_ctlreq.o
                0x00000000080084b8                USBH_CtlReq
 *fill*         0x0000000008008532        0x2 
 .text.USBH_HandleControl
                0x0000000008008534      0x2e8 ./Middlewares/ST/STM32_USB_Host_Library/Core/Src/usbh_ctlreq.o
 .text.USBH_CtlSendSetup
                0x000000000800881c       0x34 ./Middlewares/ST/STM32_USB_Host_Library/Core/Src/usbh_ioreq.o
                0x000000000800881c                USBH_CtlSendSetup
 .text.USBH_CtlSendData
                0x0000000008008850       0x4a ./Middlewares/ST/STM32_USB_Host_Library/Core/Src/usbh_ioreq.o
                0x0000000008008850                USBH_CtlSendData
 .text.USBH_CtlReceiveData
                0x000000000800889a       0x3c ./Middlewares/ST/STM32_USB_Host_Library/Core/Src/usbh_ioreq.o
                0x000000000800889a                USBH_CtlReceiveData
 .text.USBH_InterruptReceiveData
                0x00000000080088d6       0x3e ./Middlewares/ST/STM32_USB_Host_Library/Core/Src/usbh_ioreq.o
                0x00000000080088d6                USBH_InterruptReceiveData
 .text.USBH_IsocSendData
                0x0000000008008914       0x36 ./Middlewares/ST/STM32_USB_Host_Library/Core/Src/usbh_ioreq.o
                0x0000000008008914                USBH_IsocSendData
 .text.USBH_OpenPipe
                0x000000000800894a       0x3e ./Middlewares/ST/STM32_USB_Host_Library/Core/Src/usbh_pipes.o
                0x000000000800894a                USBH_OpenPipe
 .text.USBH_ClosePipe
                0x0000000008008988       0x20 ./Middlewares/ST/STM32_USB_Host_Library/Core/Src/usbh_pipes.o
                0x0000000008008988                USBH_ClosePipe
 .text.USBH_AllocPipe
                0x00000000080089a8       0x44 ./Middlewares/ST/STM32_USB_Host_Library/Core/Src/usbh_pipes.o
                0x00000000080089a8                USBH_AllocPipe
 .text.USBH_FreePipe
                0x00000000080089ec       0x40 ./Middlewares/ST/STM32_USB_Host_Library/Core/Src/usbh_pipes.o
                0x00000000080089ec                USBH_FreePipe
 .text.USBH_GetFreePipe
                0x0000000008008a2c       0x4a ./Middlewares/ST/STM32_USB_Host_Library/Core/Src/usbh_pipes.o
 *fill*         0x0000000008008a76        0x2 
 .text.MX_USB_HOST_Init
                0x0000000008008a78       0x4c ./USB_HOST/App/usb_host.o
                0x0000000008008a78                MX_USB_HOST_Init
 .text.MX_USB_HOST_Process
                0x0000000008008ac4       0x14 ./USB_HOST/App/usb_host.o
                0x0000000008008ac4                MX_USB_HOST_Process
 .text.USBH_UserProcess
                0x0000000008008ad8       0x5c ./USB_HOST/App/usb_host.o
 .text.HAL_HCD_MspInit
                0x0000000008008b34      0x124 ./USB_HOST/Target/usbh_conf.o
                0x0000000008008b34                HAL_HCD_MspInit
 .text.HAL_HCD_SOF_Callback
                0x0000000008008c58       0x1c ./USB_HOST/Target/usbh_conf.o
                0x0000000008008c58                HAL_HCD_SOF_Callback
 .text.HAL_HCD_Connect_Callback
                0x0000000008008c74       0x1c ./USB_HOST/Target/usbh_conf.o
                0x0000000008008c74                HAL_HCD_Connect_Callback
 .text.HAL_HCD_Disconnect_Callback
                0x0000000008008c90       0x1c ./USB_HOST/Target/usbh_conf.o
                0x0000000008008c90                HAL_HCD_Disconnect_Callback
 .text.HAL_HCD_HC_NotifyURBChange_Callback
                0x0000000008008cac       0x1c ./USB_HOST/Target/usbh_conf.o
                0x0000000008008cac                HAL_HCD_HC_NotifyURBChange_Callback
 .text.HAL_HCD_PortEnabled_Callback
                0x0000000008008cc8       0x1c ./USB_HOST/Target/usbh_conf.o
                0x0000000008008cc8                HAL_HCD_PortEnabled_Callback
 .text.HAL_HCD_PortDisabled_Callback
                0x0000000008008ce4       0x1c ./USB_HOST/Target/usbh_conf.o
                0x0000000008008ce4                HAL_HCD_PortDisabled_Callback
 .text.USBH_LL_Init
                0x0000000008008d00       0x78 ./USB_HOST/Target/usbh_conf.o
                0x0000000008008d00                USBH_LL_Init
 .text.USBH_LL_Start
                0x0000000008008d78       0x36 ./USB_HOST/Target/usbh_conf.o
                0x0000000008008d78                USBH_LL_Start
 .text.USBH_LL_Stop
                0x0000000008008dae       0x36 ./USB_HOST/Target/usbh_conf.o
                0x0000000008008dae                USBH_LL_Stop
 .text.USBH_LL_GetSpeed
                0x0000000008008de4       0x4e ./USB_HOST/Target/usbh_conf.o
                0x0000000008008de4                USBH_LL_GetSpeed
 .text.USBH_LL_ResetPort
                0x0000000008008e32       0x36 ./USB_HOST/Target/usbh_conf.o
                0x0000000008008e32                USBH_LL_ResetPort
 .text.USBH_LL_OpenPipe
                0x0000000008008e68       0x5e ./USB_HOST/Target/usbh_conf.o
                0x0000000008008e68                USBH_LL_OpenPipe
 .text.USBH_LL_ClosePipe
                0x0000000008008ec6       0x3e ./USB_HOST/Target/usbh_conf.o
                0x0000000008008ec6                USBH_LL_ClosePipe
 .text.USBH_LL_SubmitURB
                0x0000000008008f04       0x62 ./USB_HOST/Target/usbh_conf.o
                0x0000000008008f04                USBH_LL_SubmitURB
 .text.USBH_LL_GetURBState
                0x0000000008008f66       0x26 ./USB_HOST/Target/usbh_conf.o
                0x0000000008008f66                USBH_LL_GetURBState
 .text.USBH_LL_DriverVBUS
                0x0000000008008f8c       0x2e ./USB_HOST/Target/usbh_conf.o
                0x0000000008008f8c                USBH_LL_DriverVBUS
 .text.USBH_LL_SetToggle
                0x0000000008008fba       0x60 ./USB_HOST/Target/usbh_conf.o
                0x0000000008008fba                USBH_LL_SetToggle
 .text.USBH_Delay
                0x000000000800901a       0x16 ./USB_HOST/Target/usbh_conf.o
                0x000000000800901a                USBH_Delay
 .text.USBH_Get_USB_Status
                0x0000000008009030       0x58 ./USB_HOST/Target/usbh_conf.o
                0x0000000008009030                USBH_Get_USB_Status
 .text.MX_DriverVbusFS
                0x0000000008009088       0x38 ./USB_HOST/Target/usbh_platform.o
                0x0000000008009088                MX_DriverVbusFS
 .text.__errno  0x00000000080090c0        0xc /opt/st/stm32cubeide_1.12.1/plugins/com.st.stm32cube.ide.mcu.externaltools.gnu-tools-for-stm32.10.3-2021.10.linux64_1.0.200.202301161003/tools/bin/../lib/gcc/arm-none-eabi/10.3.1/../../../../arm-none-eabi/lib/thumb/v7e-m+fp/hard/libc_nano.a(lib_a-errno.o)
                0x00000000080090c0                __errno
 .text.__libc_init_array
                0x00000000080090cc       0x48 /opt/st/stm32cubeide_1.12.1/plugins/com.st.stm32cube.ide.mcu.externaltools.gnu-tools-for-stm32.10.3-2021.10.linux64_1.0.200.202301161003/tools/bin/../lib/gcc/arm-none-eabi/10.3.1/../../../../arm-none-eabi/lib/thumb/v7e-m+fp/hard/libc_nano.a(lib_a-init.o)
                0x00000000080090cc                __libc_init_array
 .text.malloc   0x0000000008009114       0x10 /opt/st/stm32cubeide_1.12.1/plugins/com.st.stm32cube.ide.mcu.externaltools.gnu-tools-for-stm32.10.3-2021.10.linux64_1.0.200.202301161003/tools/bin/../lib/gcc/arm-none-eabi/10.3.1/../../../../arm-none-eabi/lib/thumb/v7e-m+fp/hard/libc_nano.a(lib_a-malloc.o)
                0x0000000008009114                malloc
 .text.free     0x0000000008009124       0x10 /opt/st/stm32cubeide_1.12.1/plugins/com.st.stm32cube.ide.mcu.externaltools.gnu-tools-for-stm32.10.3-2021.10.linux64_1.0.200.202301161003/tools/bin/../lib/gcc/arm-none-eabi/10.3.1/../../../../arm-none-eabi/lib/thumb/v7e-m+fp/hard/libc_nano.a(lib_a-malloc.o)
                0x0000000008009124                free
 .text.memset   0x0000000008009134       0x10 /opt/st/stm32cubeide_1.12.1/plugins/com.st.stm32cube.ide.mcu.externaltools.gnu-tools-for-stm32.10.3-2021.10.linux64_1.0.200.202301161003/tools/bin/../lib/gcc/arm-none-eabi/10.3.1/../../../../arm-none-eabi/lib/thumb/v7e-m+fp/hard/libc_nano.a(lib_a-memset.o)
                0x0000000008009134                memset
 .text._free_r  0x0000000008009144       0x98 /opt/st/stm32cubeide_1.12.1/plugins/com.st.stm32cube.ide.mcu.externaltools.gnu-tools-for-stm32.10.3-2021.10.linux64_1.0.200.202301161003/tools/bin/../lib/gcc/arm-none-eabi/10.3.1/../../../../arm-none-eabi/lib/thumb/v7e-m+fp/hard/libc_nano.a(lib_a-nano-freer.o)
                0x0000000008009144                _free_r
 .text.sbrk_aligned
                0x00000000080091dc       0x40 /opt/st/stm32cubeide_1.12.1/plugins/com.st.stm32cube.ide.mcu.externaltools.gnu-tools-for-stm32.10.3-2021.10.linux64_1.0.200.202301161003/tools/bin/../lib/gcc/arm-none-eabi/10.3.1/../../../../arm-none-eabi/lib/thumb/v7e-m+fp/hard/libc_nano.a(lib_a-nano-mallocr.o)
 .text._malloc_r
                0x000000000800921c       0xe8 /opt/st/stm32cubeide_1.12.1/plugins/com.st.stm32cube.ide.mcu.externaltools.gnu-tools-for-stm32.10.3-2021.10.linux64_1.0.200.202301161003/tools/bin/../lib/gcc/arm-none-eabi/10.3.1/../../../../arm-none-eabi/lib/thumb/v7e-m+fp/hard/libc_nano.a(lib_a-nano-mallocr.o)
                0x000000000800921c                _malloc_r
 .text._sbrk_r  0x0000000008009304       0x20 /opt/st/stm32cubeide_1.12.1/plugins/com.st.stm32cube.ide.mcu.externaltools.gnu-tools-for-stm32.10.3-2021.10.linux64_1.0.200.202301161003/tools/bin/../lib/gcc/arm-none-eabi/10.3.1/../../../../arm-none-eabi/lib/thumb/v7e-m+fp/hard/libc_nano.a(lib_a-sbrkr.o)
                0x0000000008009304                _sbrk_r
 .text.__malloc_lock
                0x0000000008009324        0xc /opt/st/stm32cubeide_1.12.1/plugins/com.st.stm32cube.ide.mcu.externaltools.gnu-tools-for-stm32.10.3-2021.10.linux64_1.0.200.202301161003/tools/bin/../lib/gcc/arm-none-eabi/10.3.1/../../../../arm-none-eabi/lib/thumb/v7e-m+fp/hard/libc_nano.a(lib_a-mlock.o)
                0x0000000008009324                __malloc_lock
 .text.__malloc_unlock
                0x0000000008009330        0xc /opt/st/stm32cubeide_1.12.1/plugins/com.st.stm32cube.ide.mcu.externaltools.gnu-tools-for-stm32.10.3-2021.10.linux64_1.0.200.202301161003/tools/bin/../lib/gcc/arm-none-eabi/10.3.1/../../../../arm-none-eabi/lib/thumb/v7e-m+fp/hard/libc_nano.a(lib_a-mlock.o)
                0x0000000008009330                __malloc_unlock
 .text.__retarget_lock_acquire_recursive
                0x000000000800933c        0x2 /opt/st/stm32cubeide_1.12.1/plugins/com.st.stm32cube.ide.mcu.externaltools.gnu-tools-for-stm32.10.3-2021.10.linux64_1.0.200.202301161003/tools/bin/../lib/gcc/arm-none-eabi/10.3.1/../../../../arm-none-eabi/lib/thumb/v7e-m+fp/hard/libc_nano.a(lib_a-lock.o)
                0x000000000800933c                __retarget_lock_acquire_recursive
 .text.__retarget_lock_release_recursive
                0x000000000800933e        0x2 /opt/st/stm32cubeide_1.12.1/plugins/com.st.stm32cube.ide.mcu.externaltools.gnu-tools-for-stm32.10.3-2021.10.linux64_1.0.200.202301161003/tools/bin/../lib/gcc/arm-none-eabi/10.3.1/../../../../arm-none-eabi/lib/thumb/v7e-m+fp/hard/libc_nano.a(lib_a-lock.o)
                0x000000000800933e                __retarget_lock_release_recursive
 *(.glue_7)
 .glue_7        0x0000000008009340        0x0 linker stubs
 *(.glue_7t)
 .glue_7t       0x0000000008009340        0x0 linker stubs
 *(.eh_frame)
 .eh_frame      0x0000000008009340        0x0 /opt/st/stm32cubeide_1.12.1/plugins/com.st.stm32cube.ide.mcu.externaltools.gnu-tools-for-stm32.10.3-2021.10.linux64_1.0.200.202301161003/tools/bin/../lib/gcc/arm-none-eabi/10.3.1/thumb/v7e-m+fp/hard/crtbegin.o
 *(.init)
 .init          0x0000000008009340        0x4 /opt/st/stm32cubeide_1.12.1/plugins/com.st.stm32cube.ide.mcu.externaltools.gnu-tools-for-stm32.10.3-2021.10.linux64_1.0.200.202301161003/tools/bin/../lib/gcc/arm-none-eabi/10.3.1/thumb/v7e-m+fp/hard/crti.o
                0x0000000008009340                _init
 .init          0x0000000008009344        0x8 /opt/st/stm32cubeide_1.12.1/plugins/com.st.stm32cube.ide.mcu.externaltools.gnu-tools-for-stm32.10.3-2021.10.linux64_1.0.200.202301161003/tools/bin/../lib/gcc/arm-none-eabi/10.3.1/thumb/v7e-m+fp/hard/crtn.o
 *(.fini)
 .fini          0x000000000800934c        0x4 /opt/st/stm32cubeide_1.12.1/plugins/com.st.stm32cube.ide.mcu.externaltools.gnu-tools-for-stm32.10.3-2021.10.linux64_1.0.200.202301161003/tools/bin/../lib/gcc/arm-none-eabi/10.3.1/thumb/v7e-m+fp/hard/crti.o
                0x000000000800934c                _fini
 .fini          0x0000000008009350        0x8 /opt/st/stm32cubeide_1.12.1/plugins/com.st.stm32cube.ide.mcu.externaltools.gnu-tools-for-stm32.10.3-2021.10.linux64_1.0.200.202301161003/tools/bin/../lib/gcc/arm-none-eabi/10.3.1/thumb/v7e-m+fp/hard/crtn.o
                0x0000000008009358                . = ALIGN (0x4)
                0x0000000008009358                _etext = .

.vfp11_veneer   0x0000000008009358        0x0
 .vfp11_veneer  0x0000000008009358        0x0 linker stubs

.v4_bx          0x0000000008009358        0x0
 .v4_bx         0x0000000008009358        0x0 linker stubs

.iplt           0x0000000008009358        0x0
 .iplt          0x0000000008009358        0x0 /opt/st/stm32cubeide_1.12.1/plugins/com.st.stm32cube.ide.mcu.externaltools.gnu-tools-for-stm32.10.3-2021.10.linux64_1.0.200.202301161003/tools/bin/../lib/gcc/arm-none-eabi/10.3.1/thumb/v7e-m+fp/hard/crtbegin.o

.rodata         0x0000000008009358       0x50
                0x0000000008009358                . = ALIGN (0x4)
 *(.rodata)
 .rodata        0x0000000008009358        0x6 ./Middlewares/ST/STM32_USB_Host_Library/Class/AUDIO/Src/usbh_audio.o
 *(.rodata*)
 *fill*         0x000000000800935e        0x2 
 .rodata.AHBPrescTable
                0x0000000008009360       0x10 ./Core/Src/system_stm32l4xx.o
                0x0000000008009360                AHBPrescTable
 .rodata.APBPrescTable
                0x0000000008009370        0x8 ./Core/Src/system_stm32l4xx.o
                0x0000000008009370                APBPrescTable
 .rodata.MSIRangeTable
                0x0000000008009378       0x30 ./Core/Src/system_stm32l4xx.o
                0x0000000008009378                MSIRangeTable
                0x00000000080093a8                . = ALIGN (0x4)

.ARM.extab      0x00000000080093a8        0x0
                0x00000000080093a8                . = ALIGN (0x4)
 *(.ARM.extab* .gnu.linkonce.armextab.*)
                0x00000000080093a8                . = ALIGN (0x4)

.ARM            0x00000000080093a8        0x8
                0x00000000080093a8                . = ALIGN (0x4)
                0x00000000080093a8                __exidx_start = .
 *(.ARM.exidx*)
 .ARM.exidx     0x00000000080093a8        0x8 /opt/st/stm32cubeide_1.12.1/plugins/com.st.stm32cube.ide.mcu.externaltools.gnu-tools-for-stm32.10.3-2021.10.linux64_1.0.200.202301161003/tools/bin/../lib/gcc/arm-none-eabi/10.3.1/thumb/v7e-m+fp/hard/libgcc.a(_udivmoddi4.o)
                0x00000000080093b0                __exidx_end = .
                0x00000000080093b0                . = ALIGN (0x4)

.rel.dyn        0x00000000080093b0        0x0
 .rel.iplt      0x00000000080093b0        0x0 /opt/st/stm32cubeide_1.12.1/plugins/com.st.stm32cube.ide.mcu.externaltools.gnu-tools-for-stm32.10.3-2021.10.linux64_1.0.200.202301161003/tools/bin/../lib/gcc/arm-none-eabi/10.3.1/thumb/v7e-m+fp/hard/crtbegin.o

.preinit_array  0x00000000080093b0        0x0
                0x00000000080093b0                . = ALIGN (0x4)
                0x00000000080093b0                PROVIDE (__preinit_array_start = .)
 *(.preinit_array*)
                0x00000000080093b0                PROVIDE (__preinit_array_end = .)
                0x00000000080093b0                . = ALIGN (0x4)

.init_array     0x00000000080093b0        0x4
                0x00000000080093b0                . = ALIGN (0x4)
                0x00000000080093b0                PROVIDE (__init_array_start = .)
 *(SORT_BY_NAME(.init_array.*))
 *(.init_array*)
 .init_array    0x00000000080093b0        0x4 /opt/st/stm32cubeide_1.12.1/plugins/com.st.stm32cube.ide.mcu.externaltools.gnu-tools-for-stm32.10.3-2021.10.linux64_1.0.200.202301161003/tools/bin/../lib/gcc/arm-none-eabi/10.3.1/thumb/v7e-m+fp/hard/crtbegin.o
                0x00000000080093b4                PROVIDE (__init_array_end = .)
                0x00000000080093b4                . = ALIGN (0x4)

.fini_array     0x00000000080093b4        0x4
                0x00000000080093b4                . = ALIGN (0x4)
                [!provide]                        PROVIDE (__fini_array_start = .)
 *(SORT_BY_NAME(.fini_array.*))
 *(.fini_array*)
 .fini_array    0x00000000080093b4        0x4 /opt/st/stm32cubeide_1.12.1/plugins/com.st.stm32cube.ide.mcu.externaltools.gnu-tools-for-stm32.10.3-2021.10.linux64_1.0.200.202301161003/tools/bin/../lib/gcc/arm-none-eabi/10.3.1/thumb/v7e-m+fp/hard/crtbegin.o
                [!provide]                        PROVIDE (__fini_array_end = .)
                0x00000000080093b8                . = ALIGN (0x4)
                0x00000000080093b8                _sidata = LOADADDR (.data)

.data           0x0000000020000000       0x90 load address 0x00000000080093b8
                0x0000000020000000                . = ALIGN (0x4)
                0x0000000020000000                _sdata = .
 *(.data)
 *(.data*)
 .data.SystemCoreClock
                0x0000000020000000        0x4 ./Core/Src/system_stm32l4xx.o
                0x0000000020000000                SystemCoreClock
 .data.uwTickPrio
                0x0000000020000004        0x4 ./Drivers/STM32L4xx_HAL_Driver/Src/stm32l4xx_hal.o
                0x0000000020000004                uwTickPrio
 .data.uwTickFreq
                0x0000000020000008        0x1 ./Drivers/STM32L4xx_HAL_Driver/Src/stm32l4xx_hal.o
                0x0000000020000008                uwTickFreq
 *fill*         0x0000000020000009        0x3 
 .data.AUDIO_Class
                0x000000002000000c       0x20 ./Middlewares/ST/STM32_USB_Host_Library/Class/AUDIO/Src/usbh_audio.o
                0x000000002000000c                AUDIO_Class
 .data._impure_ptr
                0x000000002000002c        0x4 /opt/st/stm32cubeide_1.12.1/plugins/com.st.stm32cube.ide.mcu.externaltools.gnu-tools-for-stm32.10.3-2021.10.linux64_1.0.200.202301161003/tools/bin/../lib/gcc/arm-none-eabi/10.3.1/../../../../arm-none-eabi/lib/thumb/v7e-m+fp/hard/libc_nano.a(lib_a-impure.o)
                0x000000002000002c                _impure_ptr
 .data.impure_data
                0x0000000020000030       0x60 /opt/st/stm32cubeide_1.12.1/plugins/com.st.stm32cube.ide.mcu.externaltools.gnu-tools-for-stm32.10.3-2021.10.linux64_1.0.200.202301161003/tools/bin/../lib/gcc/arm-none-eabi/10.3.1/../../../../arm-none-eabi/lib/thumb/v7e-m+fp/hard/libc_nano.a(lib_a-impure.o)
 *(.RamFunc)
 *(.RamFunc*)
                0x0000000020000090                . = ALIGN (0x4)
                0x0000000020000090                _edata = .

.igot.plt       0x0000000020000090        0x0 load address 0x0000000008009448
 .igot.plt      0x0000000020000090        0x0 /opt/st/stm32cubeide_1.12.1/plugins/com.st.stm32cube.ide.mcu.externaltools.gnu-tools-for-stm32.10.3-2021.10.linux64_1.0.200.202301161003/tools/bin/../lib/gcc/arm-none-eabi/10.3.1/thumb/v7e-m+fp/hard/crtbegin.o
                0x0000000020000090                . = ALIGN (0x4)

.bss            0x0000000020000090      0x868 load address 0x0000000008009448
                0x0000000020000090                _sbss = .
                0x0000000020000090                __bss_start__ = _sbss
 *(.bss)
 .bss           0x0000000020000090       0x1c /opt/st/stm32cubeide_1.12.1/plugins/com.st.stm32cube.ide.mcu.externaltools.gnu-tools-for-stm32.10.3-2021.10.linux64_1.0.200.202301161003/tools/bin/../lib/gcc/arm-none-eabi/10.3.1/thumb/v7e-m+fp/hard/crtbegin.o
 *(.bss*)
 .bss.hlpuart1  0x00000000200000ac       0x84 ./Core/Src/main.o
                0x00000000200000ac                hlpuart1
 .bss.__sbrk_heap_end
                0x0000000020000130        0x4 ./Core/Src/sysmem.o
 .bss.uwTick    0x0000000020000134        0x4 ./Drivers/STM32L4xx_HAL_Driver/Src/stm32l4xx_hal.o
                0x0000000020000134                uwTick
 .bss.hUsbHostFS
                0x0000000020000138      0x4a8 ./USB_HOST/App/usb_host.o
                0x0000000020000138                hUsbHostFS
 .bss.Appli_state
                0x00000000200005e0        0x1 ./USB_HOST/App/usb_host.o
                0x00000000200005e0                Appli_state
 *fill*         0x00000000200005e1        0x3 
 .bss.hhcd_USB_OTG_FS
                0x00000000200005e4      0x304 ./USB_HOST/Target/usbh_conf.o
                0x00000000200005e4                hhcd_USB_OTG_FS
 .bss.__malloc_free_list
                0x00000000200008e8        0x4 /opt/st/stm32cubeide_1.12.1/plugins/com.st.stm32cube.ide.mcu.externaltools.gnu-tools-for-stm32.10.3-2021.10.linux64_1.0.200.202301161003/tools/bin/../lib/gcc/arm-none-eabi/10.3.1/../../../../arm-none-eabi/lib/thumb/v7e-m+fp/hard/libc_nano.a(lib_a-nano-mallocr.o)
                0x00000000200008e8                __malloc_free_list
 .bss.__malloc_sbrk_start
                0x00000000200008ec        0x4 /opt/st/stm32cubeide_1.12.1/plugins/com.st.stm32cube.ide.mcu.externaltools.gnu-tools-for-stm32.10.3-2021.10.linux64_1.0.200.202301161003/tools/bin/../lib/gcc/arm-none-eabi/10.3.1/../../../../arm-none-eabi/lib/thumb/v7e-m+fp/hard/libc_nano.a(lib_a-nano-mallocr.o)
                0x00000000200008ec                __malloc_sbrk_start
 .bss.errno     0x00000000200008f0        0x4 /opt/st/stm32cubeide_1.12.1/plugins/com.st.stm32cube.ide.mcu.externaltools.gnu-tools-for-stm32.10.3-2021.10.linux64_1.0.200.202301161003/tools/bin/../lib/gcc/arm-none-eabi/10.3.1/../../../../arm-none-eabi/lib/thumb/v7e-m+fp/hard/libc_nano.a(lib_a-reent.o)
                0x00000000200008f0                errno
 .bss.__lock___malloc_recursive_mutex
                0x00000000200008f4        0x1 /opt/st/stm32cubeide_1.12.1/plugins/com.st.stm32cube.ide.mcu.externaltools.gnu-tools-for-stm32.10.3-2021.10.linux64_1.0.200.202301161003/tools/bin/../lib/gcc/arm-none-eabi/10.3.1/../../../../arm-none-eabi/lib/thumb/v7e-m+fp/hard/libc_nano.a(lib_a-lock.o)
                0x00000000200008f4                __lock___malloc_recursive_mutex
 *(COMMON)
                0x00000000200008f8                . = ALIGN (0x4)
 *fill*         0x00000000200008f5        0x3 
                0x00000000200008f8                _ebss = .
                0x00000000200008f8                __bss_end__ = _ebss

._user_heap_stack
                0x00000000200008f8      0x600 load address 0x0000000008009448
                0x00000000200008f8                . = ALIGN (0x8)
                [!provide]                        PROVIDE (end = .)
                0x00000000200008f8                PROVIDE (_end = .)
                0x0000000020000af8                . = (. + _Min_Heap_Size)
 *fill*         0x00000000200008f8      0x200 
                0x0000000020000ef8                . = (. + _Min_Stack_Size)
 *fill*         0x0000000020000af8      0x400 
                0x0000000020000ef8                . = ALIGN (0x8)

/DISCARD/
 libc.a(*)
 libm.a(*)
 libgcc.a(*)

.ARM.attributes
                0x0000000000000000       0x30
 *(.ARM.attributes)
 .ARM.attributes
                0x0000000000000000       0x1e /opt/st/stm32cubeide_1.12.1/plugins/com.st.stm32cube.ide.mcu.externaltools.gnu-tools-for-stm32.10.3-2021.10.linux64_1.0.200.202301161003/tools/bin/../lib/gcc/arm-none-eabi/10.3.1/thumb/v7e-m+fp/hard/crti.o
 .ARM.attributes
                0x000000000000001e       0x34 /opt/st/stm32cubeide_1.12.1/plugins/com.st.stm32cube.ide.mcu.externaltools.gnu-tools-for-stm32.10.3-2021.10.linux64_1.0.200.202301161003/tools/bin/../lib/gcc/arm-none-eabi/10.3.1/thumb/v7e-m+fp/hard/crtbegin.o
 .ARM.attributes
                0x0000000000000052       0x34 ./Core/Src/main.o
 .ARM.attributes
                0x0000000000000086       0x34 ./Core/Src/stm32l4xx_hal_msp.o
 .ARM.attributes
                0x00000000000000ba       0x34 ./Core/Src/stm32l4xx_it.o
 .ARM.attributes
                0x00000000000000ee       0x34 ./Core/Src/sysmem.o
 .ARM.attributes
                0x0000000000000122       0x34 ./Core/Src/system_stm32l4xx.o
 .ARM.attributes
                0x0000000000000156       0x21 ./Core/Startup/startup_stm32l496zgtxp.o
 .ARM.attributes
                0x0000000000000177       0x34 ./Drivers/STM32L4xx_HAL_Driver/Src/stm32l4xx_hal.o
 .ARM.attributes
                0x00000000000001ab       0x34 ./Drivers/STM32L4xx_HAL_Driver/Src/stm32l4xx_hal_cortex.o
 .ARM.attributes
                0x00000000000001df       0x34 ./Drivers/STM32L4xx_HAL_Driver/Src/stm32l4xx_hal_gpio.o
 .ARM.attributes
                0x0000000000000213       0x34 ./Drivers/STM32L4xx_HAL_Driver/Src/stm32l4xx_hal_hcd.o
 .ARM.attributes
                0x0000000000000247       0x34 ./Drivers/STM32L4xx_HAL_Driver/Src/stm32l4xx_hal_pwr.o
 .ARM.attributes
                0x000000000000027b       0x34 ./Drivers/STM32L4xx_HAL_Driver/Src/stm32l4xx_hal_pwr_ex.o
 .ARM.attributes
                0x00000000000002af       0x34 ./Drivers/STM32L4xx_HAL_Driver/Src/stm32l4xx_hal_rcc.o
 .ARM.attributes
                0x00000000000002e3       0x34 ./Drivers/STM32L4xx_HAL_Driver/Src/stm32l4xx_hal_rcc_ex.o
 .ARM.attributes
                0x0000000000000317       0x34 ./Drivers/STM32L4xx_HAL_Driver/Src/stm32l4xx_hal_uart.o
 .ARM.attributes
                0x000000000000034b       0x34 ./Drivers/STM32L4xx_HAL_Driver/Src/stm32l4xx_ll_usb.o
 .ARM.attributes
                0x000000000000037f       0x34 ./Middlewares/ST/STM32_USB_Host_Library/Class/AUDIO/Src/usbh_audio.o
 .ARM.attributes
                0x00000000000003b3       0x34 ./Middlewares/ST/STM32_USB_Host_Library/Core/Src/usbh_core.o
 .ARM.attributes
                0x00000000000003e7       0x34 ./Middlewares/ST/STM32_USB_Host_Library/Core/Src/usbh_ctlreq.o
 .ARM.attributes
                0x000000000000041b       0x34 ./Middlewares/ST/STM32_USB_Host_Library/Core/Src/usbh_ioreq.o
 .ARM.attributes
                0x000000000000044f       0x34 ./Middlewares/ST/STM32_USB_Host_Library/Core/Src/usbh_pipes.o
 .ARM.attributes
                0x0000000000000483       0x34 ./USB_HOST/App/usb_host.o
 .ARM.attributes
                0x00000000000004b7       0x34 ./USB_HOST/Target/usbh_conf.o
 .ARM.attributes
                0x00000000000004eb       0x34 ./USB_HOST/Target/usbh_platform.o
 .ARM.attributes
                0x000000000000051f       0x34 /opt/st/stm32cubeide_1.12.1/plugins/com.st.stm32cube.ide.mcu.externaltools.gnu-tools-for-stm32.10.3-2021.10.linux64_1.0.200.202301161003/tools/bin/../lib/gcc/arm-none-eabi/10.3.1/../../../../arm-none-eabi/lib/thumb/v7e-m+fp/hard/libc_nano.a(lib_a-errno.o)
 .ARM.attributes
                0x0000000000000553       0x34 /opt/st/stm32cubeide_1.12.1/plugins/com.st.stm32cube.ide.mcu.externaltools.gnu-tools-for-stm32.10.3-2021.10.linux64_1.0.200.202301161003/tools/bin/../lib/gcc/arm-none-eabi/10.3.1/../../../../arm-none-eabi/lib/thumb/v7e-m+fp/hard/libc_nano.a(lib_a-impure.o)
 .ARM.attributes
                0x0000000000000587       0x34 /opt/st/stm32cubeide_1.12.1/plugins/com.st.stm32cube.ide.mcu.externaltools.gnu-tools-for-stm32.10.3-2021.10.linux64_1.0.200.202301161003/tools/bin/../lib/gcc/arm-none-eabi/10.3.1/../../../../arm-none-eabi/lib/thumb/v7e-m+fp/hard/libc_nano.a(lib_a-init.o)
 .ARM.attributes
                0x00000000000005bb       0x34 /opt/st/stm32cubeide_1.12.1/plugins/com.st.stm32cube.ide.mcu.externaltools.gnu-tools-for-stm32.10.3-2021.10.linux64_1.0.200.202301161003/tools/bin/../lib/gcc/arm-none-eabi/10.3.1/../../../../arm-none-eabi/lib/thumb/v7e-m+fp/hard/libc_nano.a(lib_a-malloc.o)
 .ARM.attributes
                0x00000000000005ef       0x34 /opt/st/stm32cubeide_1.12.1/plugins/com.st.stm32cube.ide.mcu.externaltools.gnu-tools-for-stm32.10.3-2021.10.linux64_1.0.200.202301161003/tools/bin/../lib/gcc/arm-none-eabi/10.3.1/../../../../arm-none-eabi/lib/thumb/v7e-m+fp/hard/libc_nano.a(lib_a-memset.o)
 .ARM.attributes
                0x0000000000000623       0x34 /opt/st/stm32cubeide_1.12.1/plugins/com.st.stm32cube.ide.mcu.externaltools.gnu-tools-for-stm32.10.3-2021.10.linux64_1.0.200.202301161003/tools/bin/../lib/gcc/arm-none-eabi/10.3.1/../../../../arm-none-eabi/lib/thumb/v7e-m+fp/hard/libc_nano.a(lib_a-nano-freer.o)
 .ARM.attributes
                0x0000000000000657       0x34 /opt/st/stm32cubeide_1.12.1/plugins/com.st.stm32cube.ide.mcu.externaltools.gnu-tools-for-stm32.10.3-2021.10.linux64_1.0.200.202301161003/tools/bin/../lib/gcc/arm-none-eabi/10.3.1/../../../../arm-none-eabi/lib/thumb/v7e-m+fp/hard/libc_nano.a(lib_a-nano-mallocr.o)
 .ARM.attributes
                0x000000000000068b       0x34 /opt/st/stm32cubeide_1.12.1/plugins/com.st.stm32cube.ide.mcu.externaltools.gnu-tools-for-stm32.10.3-2021.10.linux64_1.0.200.202301161003/tools/bin/../lib/gcc/arm-none-eabi/10.3.1/../../../../arm-none-eabi/lib/thumb/v7e-m+fp/hard/libc_nano.a(lib_a-sbrkr.o)
 .ARM.attributes
                0x00000000000006bf       0x34 /opt/st/stm32cubeide_1.12.1/plugins/com.st.stm32cube.ide.mcu.externaltools.gnu-tools-for-stm32.10.3-2021.10.linux64_1.0.200.202301161003/tools/bin/../lib/gcc/arm-none-eabi/10.3.1/../../../../arm-none-eabi/lib/thumb/v7e-m+fp/hard/libc_nano.a(lib_a-mlock.o)
 .ARM.attributes
                0x00000000000006f3       0x34 /opt/st/stm32cubeide_1.12.1/plugins/com.st.stm32cube.ide.mcu.externaltools.gnu-tools-for-stm32.10.3-2021.10.linux64_1.0.200.202301161003/tools/bin/../lib/gcc/arm-none-eabi/10.3.1/../../../../arm-none-eabi/lib/thumb/v7e-m+fp/hard/libc_nano.a(lib_a-reent.o)
 .ARM.attributes
                0x0000000000000727       0x34 /opt/st/stm32cubeide_1.12.1/plugins/com.st.stm32cube.ide.mcu.externaltools.gnu-tools-for-stm32.10.3-2021.10.linux64_1.0.200.202301161003/tools/bin/../lib/gcc/arm-none-eabi/10.3.1/../../../../arm-none-eabi/lib/thumb/v7e-m+fp/hard/libc_nano.a(lib_a-lock.o)
 .ARM.attributes
                0x000000000000075b       0x1e /opt/st/stm32cubeide_1.12.1/plugins/com.st.stm32cube.ide.mcu.externaltools.gnu-tools-for-stm32.10.3-2021.10.linux64_1.0.200.202301161003/tools/bin/../lib/gcc/arm-none-eabi/10.3.1/thumb/v7e-m+fp/hard/libgcc.a(_aeabi_uldivmod.o)
 .ARM.attributes
                0x0000000000000779       0x34 /opt/st/stm32cubeide_1.12.1/plugins/com.st.stm32cube.ide.mcu.externaltools.gnu-tools-for-stm32.10.3-2021.10.linux64_1.0.200.202301161003/tools/bin/../lib/gcc/arm-none-eabi/10.3.1/thumb/v7e-m+fp/hard/libgcc.a(_udivmoddi4.o)
 .ARM.attributes
                0x00000000000007ad       0x1e /opt/st/stm32cubeide_1.12.1/plugins/com.st.stm32cube.ide.mcu.externaltools.gnu-tools-for-stm32.10.3-2021.10.linux64_1.0.200.202301161003/tools/bin/../lib/gcc/arm-none-eabi/10.3.1/thumb/v7e-m+fp/hard/libgcc.a(_dvmd_tls.o)
 .ARM.attributes
                0x00000000000007cb       0x1e /opt/st/stm32cubeide_1.12.1/plugins/com.st.stm32cube.ide.mcu.externaltools.gnu-tools-for-stm32.10.3-2021.10.linux64_1.0.200.202301161003/tools/bin/../lib/gcc/arm-none-eabi/10.3.1/thumb/v7e-m+fp/hard/crtn.o
OUTPUT(power_stop_mode_3.elf elf32-littlearm)
LOAD linker stubs
LOAD /opt/st/stm32cubeide_1.12.1/plugins/com.st.stm32cube.ide.mcu.externaltools.gnu-tools-for-stm32.10.3-2021.10.linux64_1.0.200.202301161003/tools/bin/../lib/gcc/arm-none-eabi/10.3.1/../../../../arm-none-eabi/lib/thumb/v7e-m+fp/hard/libc.a
LOAD /opt/st/stm32cubeide_1.12.1/plugins/com.st.stm32cube.ide.mcu.externaltools.gnu-tools-for-stm32.10.3-2021.10.linux64_1.0.200.202301161003/tools/bin/../lib/gcc/arm-none-eabi/10.3.1/../../../../arm-none-eabi/lib/thumb/v7e-m+fp/hard/libm.a
LOAD /opt/st/stm32cubeide_1.12.1/plugins/com.st.stm32cube.ide.mcu.externaltools.gnu-tools-for-stm32.10.3-2021.10.linux64_1.0.200.202301161003/tools/bin/../lib/gcc/arm-none-eabi/10.3.1/thumb/v7e-m+fp/hard/libgcc.a

.debug_info     0x0000000000000000    0x1755d
 .debug_info    0x0000000000000000      0xdcf ./Core/Src/main.o
 .debug_info    0x0000000000000dcf      0xd7b ./Core/Src/stm32l4xx_hal_msp.o
 .debug_info    0x0000000000001b4a      0x6f4 ./Core/Src/stm32l4xx_it.o
 .debug_info    0x000000000000223e      0x171 ./Core/Src/sysmem.o
 .debug_info    0x00000000000023af      0x5e2 ./Core/Src/system_stm32l4xx.o
 .debug_info    0x0000000000002991       0x22 ./Core/Startup/startup_stm32l496zgtxp.o
 .debug_info    0x00000000000029b3      0xb95 ./Drivers/STM32L4xx_HAL_Driver/Src/stm32l4xx_hal.o
 .debug_info    0x0000000000003548      0xe57 ./Drivers/STM32L4xx_HAL_Driver/Src/stm32l4xx_hal_cortex.o
 .debug_info    0x000000000000439f      0x83d ./Drivers/STM32L4xx_HAL_Driver/Src/stm32l4xx_hal_gpio.o
 .debug_info    0x0000000000004bdc     0x1117 ./Drivers/STM32L4xx_HAL_Driver/Src/stm32l4xx_hal_hcd.o
 .debug_info    0x0000000000005cf3      0x988 ./Drivers/STM32L4xx_HAL_Driver/Src/stm32l4xx_hal_pwr.o
 .debug_info    0x000000000000667b      0x9e6 ./Drivers/STM32L4xx_HAL_Driver/Src/stm32l4xx_hal_pwr_ex.o
 .debug_info    0x0000000000007061      0xd17 ./Drivers/STM32L4xx_HAL_Driver/Src/stm32l4xx_hal_rcc.o
 .debug_info    0x0000000000007d78     0x1148 ./Drivers/STM32L4xx_HAL_Driver/Src/stm32l4xx_hal_rcc_ex.o
 .debug_info    0x0000000000008ec0     0x3d2a ./Drivers/STM32L4xx_HAL_Driver/Src/stm32l4xx_hal_uart.o
 .debug_info    0x000000000000cbea     0x1ac6 ./Drivers/STM32L4xx_HAL_Driver/Src/stm32l4xx_ll_usb.o
 .debug_info    0x000000000000e6b0     0x285e ./Middlewares/ST/STM32_USB_Host_Library/Class/AUDIO/Src/usbh_audio.o
 .debug_info    0x0000000000010f0e     0x105a ./Middlewares/ST/STM32_USB_Host_Library/Core/Src/usbh_core.o
 .debug_info    0x0000000000011f68     0x1012 ./Middlewares/ST/STM32_USB_Host_Library/Core/Src/usbh_ctlreq.o
 .debug_info    0x0000000000012f7a      0xcef ./Middlewares/ST/STM32_USB_Host_Library/Core/Src/usbh_ioreq.o
 .debug_info    0x0000000000013c69      0xb2d ./Middlewares/ST/STM32_USB_Host_Library/Core/Src/usbh_pipes.o
 .debug_info    0x0000000000014796      0xaac ./USB_HOST/App/usb_host.o
 .debug_info    0x0000000000015242     0x2123 ./USB_HOST/Target/usbh_conf.o
 .debug_info    0x0000000000017365      0x1f8 ./USB_HOST/Target/usbh_platform.o

.debug_abbrev   0x0000000000000000     0x34ba
 .debug_abbrev  0x0000000000000000      0x261 ./Core/Src/main.o
 .debug_abbrev  0x0000000000000261      0x1d8 ./Core/Src/stm32l4xx_hal_msp.o
 .debug_abbrev  0x0000000000000439      0x199 ./Core/Src/stm32l4xx_it.o
 .debug_abbrev  0x00000000000005d2       0xbb ./Core/Src/sysmem.o
 .debug_abbrev  0x000000000000068d      0x116 ./Core/Src/system_stm32l4xx.o
 .debug_abbrev  0x00000000000007a3       0x12 ./Core/Startup/startup_stm32l496zgtxp.o
 .debug_abbrev  0x00000000000007b5      0x23a ./Drivers/STM32L4xx_HAL_Driver/Src/stm32l4xx_hal.o
 .debug_abbrev  0x00000000000009ef      0x316 ./Drivers/STM32L4xx_HAL_Driver/Src/stm32l4xx_hal_cortex.o
 .debug_abbrev  0x0000000000000d05      0x1bb ./Drivers/STM32L4xx_HAL_Driver/Src/stm32l4xx_hal_gpio.o
 .debug_abbrev  0x0000000000000ec0      0x27e ./Drivers/STM32L4xx_HAL_Driver/Src/stm32l4xx_hal_hcd.o
 .debug_abbrev  0x000000000000113e      0x1c9 ./Drivers/STM32L4xx_HAL_Driver/Src/stm32l4xx_hal_pwr.o
 .debug_abbrev  0x0000000000001307      0x1f3 ./Drivers/STM32L4xx_HAL_Driver/Src/stm32l4xx_hal_pwr_ex.o
 .debug_abbrev  0x00000000000014fa      0x2bd ./Drivers/STM32L4xx_HAL_Driver/Src/stm32l4xx_hal_rcc.o
 .debug_abbrev  0x00000000000017b7      0x299 ./Drivers/STM32L4xx_HAL_Driver/Src/stm32l4xx_hal_rcc_ex.o
 .debug_abbrev  0x0000000000001a50      0x2bc ./Drivers/STM32L4xx_HAL_Driver/Src/stm32l4xx_hal_uart.o
 .debug_abbrev  0x0000000000001d0c      0x296 ./Drivers/STM32L4xx_HAL_Driver/Src/stm32l4xx_ll_usb.o
 .debug_abbrev  0x0000000000001fa2      0x321 ./Middlewares/ST/STM32_USB_Host_Library/Class/AUDIO/Src/usbh_audio.o
 .debug_abbrev  0x00000000000022c3      0x346 ./Middlewares/ST/STM32_USB_Host_Library/Core/Src/usbh_core.o
 .debug_abbrev  0x0000000000002609      0x2e4 ./Middlewares/ST/STM32_USB_Host_Library/Core/Src/usbh_ctlreq.o
 .debug_abbrev  0x00000000000028ed      0x232 ./Middlewares/ST/STM32_USB_Host_Library/Core/Src/usbh_ioreq.o
 .debug_abbrev  0x0000000000002b1f      0x270 ./Middlewares/ST/STM32_USB_Host_Library/Core/Src/usbh_pipes.o
 .debug_abbrev  0x0000000000002d8f      0x25a ./USB_HOST/App/usb_host.o
 .debug_abbrev  0x0000000000002fe9      0x3bf ./USB_HOST/Target/usbh_conf.o
 .debug_abbrev  0x00000000000033a8      0x112 ./USB_HOST/Target/usbh_platform.o

.debug_aranges  0x0000000000000000     0x1088
 .debug_aranges
                0x0000000000000000       0x40 ./Core/Src/main.o
 .debug_aranges
                0x0000000000000040       0x30 ./Core/Src/stm32l4xx_hal_msp.o
 .debug_aranges
                0x0000000000000070       0x68 ./Core/Src/stm32l4xx_it.o
 .debug_aranges
                0x00000000000000d8       0x20 ./Core/Src/sysmem.o
 .debug_aranges
                0x00000000000000f8       0x28 ./Core/Src/system_stm32l4xx.o
 .debug_aranges
                0x0000000000000120       0x28 ./Core/Startup/startup_stm32l496zgtxp.o
 .debug_aranges
                0x0000000000000148      0x130 ./Drivers/STM32L4xx_HAL_Driver/Src/stm32l4xx_hal.o
 .debug_aranges
                0x0000000000000278      0x118 ./Drivers/STM32L4xx_HAL_Driver/Src/stm32l4xx_hal_cortex.o
 .debug_aranges
                0x0000000000000390       0x58 ./Drivers/STM32L4xx_HAL_Driver/Src/stm32l4xx_hal_gpio.o
 .debug_aranges
                0x00000000000003e8       0xf0 ./Drivers/STM32L4xx_HAL_Driver/Src/stm32l4xx_hal_hcd.o
 .debug_aranges
                0x00000000000004d8       0x98 ./Drivers/STM32L4xx_HAL_Driver/Src/stm32l4xx_hal_pwr.o
 .debug_aranges
                0x0000000000000570      0x150 ./Drivers/STM32L4xx_HAL_Driver/Src/stm32l4xx_hal_pwr_ex.o
 .debug_aranges
                0x00000000000006c0       0x90 ./Drivers/STM32L4xx_HAL_Driver/Src/stm32l4xx_hal_rcc.o
 .debug_aranges
                0x0000000000000750      0x108 ./Drivers/STM32L4xx_HAL_Driver/Src/stm32l4xx_hal_rcc_ex.o
 .debug_aranges
                0x0000000000000858      0x228 ./Drivers/STM32L4xx_HAL_Driver/Src/stm32l4xx_hal_uart.o
 .debug_aranges
                0x0000000000000a80      0x1a0 ./Drivers/STM32L4xx_HAL_Driver/Src/stm32l4xx_ll_usb.o
 .debug_aranges
                0x0000000000000c20      0x140 ./Middlewares/ST/STM32_USB_Host_Library/Class/AUDIO/Src/usbh_audio.o
 .debug_aranges
                0x0000000000000d60       0xc0 ./Middlewares/ST/STM32_USB_Host_Library/Core/Src/usbh_core.o
 .debug_aranges
                0x0000000000000e20       0xa0 ./Middlewares/ST/STM32_USB_Host_Library/Core/Src/usbh_ctlreq.o
 .debug_aranges
                0x0000000000000ec0       0x60 ./Middlewares/ST/STM32_USB_Host_Library/Core/Src/usbh_ioreq.o
 .debug_aranges
                0x0000000000000f20       0x40 ./Middlewares/ST/STM32_USB_Host_Library/Core/Src/usbh_pipes.o
 .debug_aranges
                0x0000000000000f60       0x30 ./USB_HOST/App/usb_host.o
 .debug_aranges
                0x0000000000000f90       0xd8 ./USB_HOST/Target/usbh_conf.o
 .debug_aranges
                0x0000000000001068       0x20 ./USB_HOST/Target/usbh_platform.o

.debug_ranges   0x0000000000000000      0xf40
 .debug_ranges  0x0000000000000000       0x30 ./Core/Src/main.o
 .debug_ranges  0x0000000000000030       0x20 ./Core/Src/stm32l4xx_hal_msp.o
 .debug_ranges  0x0000000000000050       0x58 ./Core/Src/stm32l4xx_it.o
 .debug_ranges  0x00000000000000a8       0x10 ./Core/Src/sysmem.o
 .debug_ranges  0x00000000000000b8       0x18 ./Core/Src/system_stm32l4xx.o
 .debug_ranges  0x00000000000000d0       0x20 ./Core/Startup/startup_stm32l496zgtxp.o
 .debug_ranges  0x00000000000000f0      0x120 ./Drivers/STM32L4xx_HAL_Driver/Src/stm32l4xx_hal.o
 .debug_ranges  0x0000000000000210      0x108 ./Drivers/STM32L4xx_HAL_Driver/Src/stm32l4xx_hal_cortex.o
 .debug_ranges  0x0000000000000318       0x48 ./Drivers/STM32L4xx_HAL_Driver/Src/stm32l4xx_hal_gpio.o
 .debug_ranges  0x0000000000000360       0xe0 ./Drivers/STM32L4xx_HAL_Driver/Src/stm32l4xx_hal_hcd.o
 .debug_ranges  0x0000000000000440       0x88 ./Drivers/STM32L4xx_HAL_Driver/Src/stm32l4xx_hal_pwr.o
 .debug_ranges  0x00000000000004c8      0x140 ./Drivers/STM32L4xx_HAL_Driver/Src/stm32l4xx_hal_pwr_ex.o
 .debug_ranges  0x0000000000000608       0x80 ./Drivers/STM32L4xx_HAL_Driver/Src/stm32l4xx_hal_rcc.o
 .debug_ranges  0x0000000000000688       0xf8 ./Drivers/STM32L4xx_HAL_Driver/Src/stm32l4xx_hal_rcc_ex.o
 .debug_ranges  0x0000000000000780      0x248 ./Drivers/STM32L4xx_HAL_Driver/Src/stm32l4xx_hal_uart.o
 .debug_ranges  0x00000000000009c8      0x190 ./Drivers/STM32L4xx_HAL_Driver/Src/stm32l4xx_ll_usb.o
 .debug_ranges  0x0000000000000b58      0x130 ./Middlewares/ST/STM32_USB_Host_Library/Class/AUDIO/Src/usbh_audio.o
 .debug_ranges  0x0000000000000c88       0xb0 ./Middlewares/ST/STM32_USB_Host_Library/Core/Src/usbh_core.o
 .debug_ranges  0x0000000000000d38       0x90 ./Middlewares/ST/STM32_USB_Host_Library/Core/Src/usbh_ctlreq.o
 .debug_ranges  0x0000000000000dc8       0x50 ./Middlewares/ST/STM32_USB_Host_Library/Core/Src/usbh_ioreq.o
 .debug_ranges  0x0000000000000e18       0x30 ./Middlewares/ST/STM32_USB_Host_Library/Core/Src/usbh_pipes.o
 .debug_ranges  0x0000000000000e48       0x20 ./USB_HOST/App/usb_host.o
 .debug_ranges  0x0000000000000e68       0xc8 ./USB_HOST/Target/usbh_conf.o
 .debug_ranges  0x0000000000000f30       0x10 ./USB_HOST/Target/usbh_platform.o

.debug_macro    0x0000000000000000    0x2a794
 .debug_macro   0x0000000000000000      0x1de ./Core/Src/main.o
 .debug_macro   0x00000000000001de      0xa78 ./Core/Src/main.o
 .debug_macro   0x0000000000000c56      0x1a7 ./Core/Src/main.o
 .debug_macro   0x0000000000000dfd       0x2e ./Core/Src/main.o
 .debug_macro   0x0000000000000e2b       0x28 ./Core/Src/main.o
 .debug_macro   0x0000000000000e53       0x22 ./Core/Src/main.o
 .debug_macro   0x0000000000000e75       0x8e ./Core/Src/main.o
 .debug_macro   0x0000000000000f03       0x51 ./Core/Src/main.o
 .debug_macro   0x0000000000000f54      0x103 ./Core/Src/main.o
 .debug_macro   0x0000000000001057       0x6a ./Core/Src/main.o
 .debug_macro   0x00000000000010c1      0x1df ./Core/Src/main.o
 .debug_macro   0x00000000000012a0       0x1c ./Core/Src/main.o
 .debug_macro   0x00000000000012bc       0x22 ./Core/Src/main.o
 .debug_macro   0x00000000000012de       0xfb ./Core/Src/main.o
 .debug_macro   0x00000000000013d9     0x1011 ./Core/Src/main.o
 .debug_macro   0x00000000000023ea      0x11f ./Core/Src/main.o
 .debug_macro   0x0000000000002509    0x1c1e0 ./Core/Src/main.o
 .debug_macro   0x000000000001e6e9       0x6d ./Core/Src/main.o
 .debug_macro   0x000000000001e756     0x38e6 ./Core/Src/main.o
 .debug_macro   0x000000000002203c      0x174 ./Core/Src/main.o
 .debug_macro   0x00000000000221b0       0x5c ./Core/Src/main.o
 .debug_macro   0x000000000002220c     0x187d ./Core/Src/main.o
 .debug_macro   0x0000000000023a89      0x773 ./Core/Src/main.o
 .debug_macro   0x00000000000241fc      0x1b9 ./Core/Src/main.o
 .debug_macro   0x00000000000243b5      0x202 ./Core/Src/main.o
 .debug_macro   0x00000000000245b7      0x26b ./Core/Src/main.o
 .debug_macro   0x0000000000024822      0x23d ./Core/Src/main.o
 .debug_macro   0x0000000000024a5f      0x241 ./Core/Src/main.o
 .debug_macro   0x0000000000024ca0      0x3ad ./Core/Src/main.o
 .debug_macro   0x000000000002504d       0xe4 ./Core/Src/main.o
 .debug_macro   0x0000000000025131      0x1f4 ./Core/Src/main.o
 .debug_macro   0x0000000000025325       0x76 ./Core/Src/main.o
 .debug_macro   0x000000000002539b      0x122 ./Core/Src/main.o
 .debug_macro   0x00000000000254bd      0x3ef ./Core/Src/main.o
 .debug_macro   0x00000000000258ac      0x5ba ./Core/Src/main.o
 .debug_macro   0x0000000000025e66       0x44 ./Core/Src/main.o
 .debug_macro   0x0000000000025eaa      0x433 ./Core/Src/main.o
 .debug_macro   0x00000000000262dd       0xf4 ./Core/Src/main.o
 .debug_macro   0x00000000000263d1      0x1d4 ./Core/Src/stm32l4xx_hal_msp.o
 .debug_macro   0x00000000000265a5      0x1de ./Core/Src/stm32l4xx_it.o
 .debug_macro   0x0000000000026783       0xff ./Core/Src/sysmem.o
 .debug_macro   0x0000000000026882      0x23b ./Core/Src/sysmem.o
 .debug_macro   0x0000000000026abd      0x1c5 ./Core/Src/system_stm32l4xx.o
 .debug_macro   0x0000000000026c82      0x213 ./Drivers/STM32L4xx_HAL_Driver/Src/stm32l4xx_hal.o
 .debug_macro   0x0000000000026e95      0x1c5 ./Drivers/STM32L4xx_HAL_Driver/Src/stm32l4xx_hal_cortex.o
 .debug_macro   0x000000000002705a      0x1cc ./Drivers/STM32L4xx_HAL_Driver/Src/stm32l4xx_hal_gpio.o
 .debug_macro   0x0000000000027226      0x1c5 ./Drivers/STM32L4xx_HAL_Driver/Src/stm32l4xx_hal_hcd.o
 .debug_macro   0x00000000000273eb      0x1dd ./Drivers/STM32L4xx_HAL_Driver/Src/stm32l4xx_hal_pwr.o
 .debug_macro   0x00000000000275c8      0x1ef ./Drivers/STM32L4xx_HAL_Driver/Src/stm32l4xx_hal_pwr_ex.o
 .debug_macro   0x00000000000277b7      0x207 ./Drivers/STM32L4xx_HAL_Driver/Src/stm32l4xx_hal_rcc.o
 .debug_macro   0x00000000000279be      0x1fb ./Drivers/STM32L4xx_HAL_Driver/Src/stm32l4xx_hal_rcc_ex.o
 .debug_macro   0x0000000000027bb9      0x1f0 ./Drivers/STM32L4xx_HAL_Driver/Src/stm32l4xx_hal_uart.o
 .debug_macro   0x0000000000027da9      0x1c5 ./Drivers/STM32L4xx_HAL_Driver/Src/stm32l4xx_ll_usb.o
 .debug_macro   0x0000000000027f6e      0x3ed ./Middlewares/ST/STM32_USB_Host_Library/Class/AUDIO/Src/usbh_audio.o
 .debug_macro   0x000000000002835b       0x16 ./Middlewares/ST/STM32_USB_Host_Library/Class/AUDIO/Src/usbh_audio.o
 .debug_macro   0x0000000000028371       0x97 ./Middlewares/ST/STM32_USB_Host_Library/Class/AUDIO/Src/usbh_audio.o
 .debug_macro   0x0000000000028408       0xfd ./Middlewares/ST/STM32_USB_Host_Library/Class/AUDIO/Src/usbh_audio.o
 .debug_macro   0x0000000000028505       0x16 ./Middlewares/ST/STM32_USB_Host_Library/Class/AUDIO/Src/usbh_audio.o
 .debug_macro   0x000000000002851b       0x20 ./Middlewares/ST/STM32_USB_Host_Library/Class/AUDIO/Src/usbh_audio.o
 .debug_macro   0x000000000002853b       0x56 ./Middlewares/ST/STM32_USB_Host_Library/Class/AUDIO/Src/usbh_audio.o
 .debug_macro   0x0000000000028591       0x73 ./Middlewares/ST/STM32_USB_Host_Library/Class/AUDIO/Src/usbh_audio.o
 .debug_macro   0x0000000000028604      0x218 ./Middlewares/ST/STM32_USB_Host_Library/Class/AUDIO/Src/usbh_audio.o
 .debug_macro   0x000000000002881c       0x2e ./Middlewares/ST/STM32_USB_Host_Library/Class/AUDIO/Src/usbh_audio.o
 .debug_macro   0x000000000002884a       0x2e ./Middlewares/ST/STM32_USB_Host_Library/Class/AUDIO/Src/usbh_audio.o
 .debug_macro   0x0000000000028878       0x28 ./Middlewares/ST/STM32_USB_Host_Library/Class/AUDIO/Src/usbh_audio.o
 .debug_macro   0x00000000000288a0      0x211 ./Middlewares/ST/STM32_USB_Host_Library/Class/AUDIO/Src/usbh_audio.o
 .debug_macro   0x0000000000028ab1      0x3f0 ./Middlewares/ST/STM32_USB_Host_Library/Core/Src/usbh_core.o
 .debug_macro   0x0000000000028ea1      0x3e8 ./Middlewares/ST/STM32_USB_Host_Library/Core/Src/usbh_ctlreq.o
 .debug_macro   0x0000000000029289       0x28 ./Middlewares/ST/STM32_USB_Host_Library/Core/Src/usbh_ctlreq.o
 .debug_macro   0x00000000000292b1      0x3e2 ./Middlewares/ST/STM32_USB_Host_Library/Core/Src/usbh_ioreq.o
 .debug_macro   0x0000000000029693      0x3e2 ./Middlewares/ST/STM32_USB_Host_Library/Core/Src/usbh_pipes.o
 .debug_macro   0x0000000000029a75      0x3f1 ./USB_HOST/App/usb_host.o
 .debug_macro   0x0000000000029e66       0x52 ./USB_HOST/App/usb_host.o
 .debug_macro   0x0000000000029eb8       0xfa ./USB_HOST/App/usb_host.o
 .debug_macro   0x0000000000029fb2      0x217 ./USB_HOST/App/usb_host.o
 .debug_macro   0x000000000002a1c9      0x3f2 ./USB_HOST/Target/usbh_conf.o
 .debug_macro   0x000000000002a5bb      0x1d9 ./USB_HOST/Target/usbh_platform.o

.debug_line     0x0000000000000000    0x14941
 .debug_line    0x0000000000000000      0x7cb ./Core/Src/main.o
 .debug_line    0x00000000000007cb      0x6fe ./Core/Src/stm32l4xx_hal_msp.o
 .debug_line    0x0000000000000ec9      0x777 ./Core/Src/stm32l4xx_it.o
 .debug_line    0x0000000000001640      0x4c7 ./Core/Src/sysmem.o
 .debug_line    0x0000000000001b07      0x734 ./Core/Src/system_stm32l4xx.o
 .debug_line    0x000000000000223b       0x89 ./Core/Startup/startup_stm32l496zgtxp.o
 .debug_line    0x00000000000022c4      0xa8c ./Drivers/STM32L4xx_HAL_Driver/Src/stm32l4xx_hal.o
 .debug_line    0x0000000000002d50      0xc33 ./Drivers/STM32L4xx_HAL_Driver/Src/stm32l4xx_hal_cortex.o
 .debug_line    0x0000000000003983      0xae8 ./Drivers/STM32L4xx_HAL_Driver/Src/stm32l4xx_hal_gpio.o
 .debug_line    0x000000000000446b     0x1120 ./Drivers/STM32L4xx_HAL_Driver/Src/stm32l4xx_hal_hcd.o
 .debug_line    0x000000000000558b      0x869 ./Drivers/STM32L4xx_HAL_Driver/Src/stm32l4xx_hal_pwr.o
 .debug_line    0x0000000000005df4      0xc5e ./Drivers/STM32L4xx_HAL_Driver/Src/stm32l4xx_hal_pwr_ex.o
 .debug_line    0x0000000000006a52      0xf4e ./Drivers/STM32L4xx_HAL_Driver/Src/stm32l4xx_hal_rcc.o
 .debug_line    0x00000000000079a0     0x1694 ./Drivers/STM32L4xx_HAL_Driver/Src/stm32l4xx_hal_rcc_ex.o
 .debug_line    0x0000000000009034     0x320a ./Drivers/STM32L4xx_HAL_Driver/Src/stm32l4xx_hal_uart.o
 .debug_line    0x000000000000c23e     0x18e1 ./Drivers/STM32L4xx_HAL_Driver/Src/stm32l4xx_ll_usb.o
 .debug_line    0x000000000000db1f     0x1bb2 ./Middlewares/ST/STM32_USB_Host_Library/Class/AUDIO/Src/usbh_audio.o
 .debug_line    0x000000000000f6d1     0x1109 ./Middlewares/ST/STM32_USB_Host_Library/Core/Src/usbh_core.o
 .debug_line    0x00000000000107da      0xeba ./Middlewares/ST/STM32_USB_Host_Library/Core/Src/usbh_ctlreq.o
 .debug_line    0x0000000000011694      0xa81 ./Middlewares/ST/STM32_USB_Host_Library/Core/Src/usbh_ioreq.o
 .debug_line    0x0000000000012115      0xa2b ./Middlewares/ST/STM32_USB_Host_Library/Core/Src/usbh_pipes.o
 .debug_line    0x0000000000012b40      0xa19 ./USB_HOST/App/usb_host.o
 .debug_line    0x0000000000013559      0xd19 ./USB_HOST/Target/usbh_conf.o
 .debug_line    0x0000000000014272      0x6cf ./USB_HOST/Target/usbh_platform.o

.debug_str      0x0000000000000000    0xfb768
 .debug_str     0x0000000000000000    0xf026d ./Core/Src/main.o
                                      0xf059a (size before relaxing)
 .debug_str     0x00000000000f026d      0x2ed ./Core/Src/stm32l4xx_hal_msp.o
                                      0xf0611 (size before relaxing)
 .debug_str     0x00000000000f055a      0x4a7 ./Core/Src/stm32l4xx_it.o
                                      0xf021e (size before relaxing)
 .debug_str     0x00000000000f0a01     0x1e75 ./Core/Src/sysmem.o
                                       0x5dcf (size before relaxing)
 .debug_str     0x00000000000f2876       0xf2 ./Core/Src/system_stm32l4xx.o
                                      0xefb67 (size before relaxing)
 .debug_str     0x00000000000f2968       0x37 ./Core/Startup/startup_stm32l496zgtxp.o
                                         0x7a (size before relaxing)
 .debug_str     0x00000000000f299f      0xb0a ./Drivers/STM32L4xx_HAL_Driver/Src/stm32l4xx_hal.o
                                      0xf076f (size before relaxing)
 .debug_str     0x00000000000f34a9      0x344 ./Drivers/STM32L4xx_HAL_Driver/Src/stm32l4xx_hal_cortex.o
                                      0xf0410 (size before relaxing)
 .debug_str     0x00000000000f37ed      0x123 ./Drivers/STM32L4xx_HAL_Driver/Src/stm32l4xx_hal_gpio.o
                                      0xefce1 (size before relaxing)
 .debug_str     0x00000000000f3910      0x529 ./Drivers/STM32L4xx_HAL_Driver/Src/stm32l4xx_hal_hcd.o
                                      0xf0302 (size before relaxing)
 .debug_str     0x00000000000f3e39      0x357 ./Drivers/STM32L4xx_HAL_Driver/Src/stm32l4xx_hal_pwr.o
                                      0xefede (size before relaxing)
 .debug_str     0x00000000000f4190      0x3db ./Drivers/STM32L4xx_HAL_Driver/Src/stm32l4xx_hal_pwr_ex.o
                                      0xf00b6 (size before relaxing)
 .debug_str     0x00000000000f456b      0x3ac ./Drivers/STM32L4xx_HAL_Driver/Src/stm32l4xx_hal_rcc.o
                                      0xf01b4 (size before relaxing)
 .debug_str     0x00000000000f4917      0x556 ./Drivers/STM32L4xx_HAL_Driver/Src/stm32l4xx_hal_rcc_ex.o
                                      0xf054f (size before relaxing)
 .debug_str     0x00000000000f4e6d      0x8fe ./Drivers/STM32L4xx_HAL_Driver/Src/stm32l4xx_hal_uart.o
                                      0xf0897 (size before relaxing)
 .debug_str     0x00000000000f576b      0x527 ./Drivers/STM32L4xx_HAL_Driver/Src/stm32l4xx_ll_usb.o
                                      0xf0473 (size before relaxing)
 .debug_str     0x00000000000f5c92     0x536a ./Middlewares/ST/STM32_USB_Host_Library/Class/AUDIO/Src/usbh_audio.o
                                      0xf6b8e (size before relaxing)
 .debug_str     0x00000000000faffc      0x30b ./Middlewares/ST/STM32_USB_Host_Library/Core/Src/usbh_core.o
                                      0xf57e4 (size before relaxing)
 .debug_str     0x00000000000fb307      0x1af ./Middlewares/ST/STM32_USB_Host_Library/Core/Src/usbh_ctlreq.o
                                      0xf5759 (size before relaxing)
 .debug_str     0x00000000000fb4b6       0xad ./Middlewares/ST/STM32_USB_Host_Library/Core/Src/usbh_ioreq.o
                                      0xf558d (size before relaxing)
 .debug_str     0x00000000000fb563       0x80 ./Middlewares/ST/STM32_USB_Host_Library/Core/Src/usbh_pipes.o
                                      0xf5523 (size before relaxing)
 .debug_str     0x00000000000fb5e3       0xa2 ./USB_HOST/App/usb_host.o
                                      0xf5d22 (size before relaxing)
 .debug_str     0x00000000000fb685       0xc0 ./USB_HOST/Target/usbh_conf.o
                                      0xf680c (size before relaxing)
 .debug_str     0x00000000000fb745       0x23 ./USB_HOST/Target/usbh_platform.o