../Drivers/BSP/Flash/MX25L_QSPI_Flash.c:30:9:BSP_QSPI_Init	24	static,ignoring_inline_asm
../Drivers/BSP/Flash/MX25L_QSPI_Flash.c:81:9:BSP_QSPI_DeInit	8	static
../Drivers/BSP/Flash/MX25L_QSPI_Flash.c:106:9:BSP_QSPI_ReadID	80	static
../Drivers/BSP/Flash/MX25L_QSPI_Flash.c:146:9:BSP_QSPI_Read	88	static
../Drivers/BSP/Flash/MX25L_QSPI_Flash.c:187:9:BSP_QSPI_Write	96	static
../Drivers/BSP/Flash/MX25L_QSPI_Flash.c:258:9:BSP_QSPI_Erase_Sector	72	static
../Drivers/BSP/Flash/MX25L_QSPI_Flash.c:300:9:BSP_QSPI_Erase_Block	72	static
../Drivers/BSP/Flash/MX25L_QSPI_Flash.c:340:9:BSP_QSPI_Erase_Chip	64	static
../Drivers/BSP/Flash/MX25L_QSPI_Flash.c:377:9:BSP_QSPI_GetStatus	72	static
../Drivers/BSP/Flash/MX25L_QSPI_Flash.c:418:9:BSP_QSPI_GetInfo	16	static
../Drivers/BSP/Flash/MX25L_QSPI_Flash.c:433:9:BSP_QSPI_EnableMemoryMappedMode	72	static
../Drivers/BSP/Flash/MX25L_QSPI_Flash.c:467:16:QSPI_ResetMemory	104	static
../Drivers/BSP/Flash/MX25L_QSPI_Flash.c:628:16:QSPI_EnterFourBytesAddress	72	static
../Drivers/BSP/Flash/MX25L_QSPI_Flash.c:667:16:QSPI_DummyCyclesCfg	88	static,ignoring_inline_asm
../Drivers/BSP/Flash/MX25L_QSPI_Flash.c:763:16:QSPI_EnterMemory_QPI	96	static
../Drivers/BSP/Flash/MX25L_QSPI_Flash.c:810:16:QSPI_ExitMemory_QPI	72	static
../Drivers/BSP/Flash/MX25L_QSPI_Flash.c:933:16:QSPI_WriteEnable	104	static
../Drivers/BSP/Flash/MX25L_QSPI_Flash.c:979:16:QSPI_AutoPollingMemReady	96	static
../Drivers/BSP/Flash/MX25L_QSPI_Flash.c:1013:9:waitForFlashbusy	16	static
