../Core/Src/main.c:69:6:HAL_ADC_ConvHalfCpltCallback	16	static
../Core/Src/main.c:74:6:HAL_ADC_ConvCpltCallback	16	static
../Core/Src/main.c:87:5:main	8	static
../Core/Src/main.c:141:6:SystemClock_Config	96	static
../Core/Src/main.c:192:13:MX_ADC1_Init	48	static
../Core/Src/main.c:259:13:MX_I2C1_Init	8	static
../Core/Src/main.c:307:13:MX_LPUART1_UART_Init	8	static
../Core/Src/main.c:339:13:MX_DMA_Init	16	static
../Core/Src/main.c:357:13:MX_GPIO_Init	40	static
../Core/Src/main.c:391:6:Error_Handler	4	static,ignoring_inline_asm
