14:34:35 **** Incremental Build of configuration Debug for project LSM303AG4__SENSOR_DATA ****
make -j4 all 
arm-none-eabi-size   LSM303AG4__SENSOR_DATA.elf 
   text	   data	    bss	    dec	    hex	filename
  43076	    520	   2856	  46452	   b574	LSM303AG4__SENSOR_DATA.elf
Finished building: default.size.stdout
 
14:34:46 **** Incremental Build of configuration Debug for project LSM303AG4__SENSOR_DATA ****
make -j4 all 
arm-none-eabi-size   LSM303AG4__SENSOR_DATA.elf 
   text	   data	    bss	    dec	    hex	filename
  43076	    520	   2856	  46452	   b574	LSM303AG4__SENSOR_DATA.elf
Finished building: default.size.stdout
 
15:14:34 **** Incremental Build of configuration Debug for project LSM303AG4__SENSOR_DATA ****
make -j4 all 
arm-none-eabi-gcc "../Core/Src/main.c" -mcpu=cortex-m4 -std=gnu11 -g3 -DDEBUG -DUSE_HAL_DRIVER -DSTM32L496xx -c -I../Core/Inc -I../Drivers/STM32L4xx_HAL_Driver/Inc -I../Drivers/STM32L4xx_HAL_Driver/Inc/Legacy -I../Drivers/CMSIS/Device/ST/STM32L4xx/Include -I../Drivers/CMSIS/Include -I"/home/dnk066/chirag/workspace0/LSM303AG4__SENSOR_DATA/Drivers/BSP/lsm303ag4" -O0 -ffunction-sections -fdata-sections -Wall -fstack-usage -fcyclomatic-complexity -MMD -MP -MF"Core/Src/main.d" -MT"Core/Src/main.o" --specs=nano.specs -mfpu=fpv4-sp-d16 -mfloat-abi=hard -mthumb -o "Core/Src/main.o"
arm-none-eabi-gcc -o "LSM303AG4__SENSOR_DATA.elf" @"objects.list"   -mcpu=cortex-m4 -T"/home/dnk066/chirag/workspace0/LSM303AG4__SENSOR_DATA/STM32L496ZGTXP_FLASH.ld" --specs=nosys.specs -Wl,-Map="LSM303AG4__SENSOR_DATA.map" -Wl,--gc-sections -static --specs=nano.specs -mfpu=fpv4-sp-d16 -mfloat-abi=hard -mthumb -u _printf_float -u _scanf_float -Wl,--start-group -lc -lm -Wl,--end-group
Finished building target: LSM303AG4__SENSOR_DATA.elf
 
arm-none-eabi-size   LSM303AG4__SENSOR_DATA.elf 
arm-none-eabi-objdump -h -S  LSM303AG4__SENSOR_DATA.elf  > "LSM303AG4__SENSOR_DATA.list"
   text	   data	    bss	    dec	    hex	filename
  43076	    520	   2856	  46452	   b574	LSM303AG4__SENSOR_DATA.elf
Finished building: default.size.stdout
 
Finished building: LSM303AG4__SENSOR_DATA.list
 
15:23:24 **** Incremental Build of configuration Debug for project LSM303AG4__SENSOR_DATA ****
make -j4 all 
arm-none-eabi-size   LSM303AG4__SENSOR_DATA.elf 
   text	   data	    bss	    dec	    hex	filename
  43076	    520	   2856	  46452	   b574	LSM303AG4__SENSOR_DATA.elf
Finished building: default.size.stdout
 
15:48:10 **** Incremental Build of configuration Debug for project LSM303AG4__SENSOR_DATA ****
make -j4 all 
arm-none-eabi-size   LSM303AG4__SENSOR_DATA.elf 
   text	   data	    bss	    dec	    hex	filename
  43076	    520	   2856	  46452	   b574	LSM303AG4__SENSOR_DATA.elf
Finished building: default.size.stdout
 
16:03:23 **** Incremental Build of configuration Debug for project LSM303AG4__SENSOR_DATA ****
make -j4 all 
arm-none-eabi-gcc "../Core/Src/main.c" -mcpu=cortex-m4 -std=gnu11 -g3 -DDEBUG -DUSE_HAL_DRIVER -DSTM32L496xx -c -I../Core/Inc -I../Drivers/STM32L4xx_HAL_Driver/Inc -I../Drivers/STM32L4xx_HAL_Driver/Inc/Legacy -I../Drivers/CMSIS/Device/ST/STM32L4xx/Include -I../Drivers/CMSIS/Include -I"/home/dnk066/chirag/workspace0/LSM303AG4__SENSOR_DATA/Drivers/BSP/lsm303ag4" -O0 -ffunction-sections -fdata-sections -Wall -fstack-usage -fcyclomatic-complexity -MMD -MP -MF"Core/Src/main.d" -MT"Core/Src/main.o" --specs=nano.specs -mfpu=fpv4-sp-d16 -mfloat-abi=hard -mthumb -o "Core/Src/main.o"
arm-none-eabi-gcc -o "LSM303AG4__SENSOR_DATA.elf" @"objects.list"   -mcpu=cortex-m4 -T"/home/dnk066/chirag/workspace0/LSM303AG4__SENSOR_DATA/STM32L496ZGTXP_FLASH.ld" --specs=nosys.specs -Wl,-Map="LSM303AG4__SENSOR_DATA.map" -Wl,--gc-sections -static --specs=nano.specs -mfpu=fpv4-sp-d16 -mfloat-abi=hard -mthumb -u _printf_float -u _scanf_float -Wl,--start-group -lc -lm -Wl,--end-group
Finished building target: LSM303AG4__SENSOR_DATA.elf
 
arm-none-eabi-size   LSM303AG4__SENSOR_DATA.elf 
arm-none-eabi-objdump -h -S  LSM303AG4__SENSOR_DATA.elf  > "LSM303AG4__SENSOR_DATA.list"
   text	   data	    bss	    dec	    hex	filename
  43076	    520	   2856	  46452	   b574	LSM303AG4__SENSOR_DATA.elf
Finished building: default.size.stdout
 
Finished building: LSM303AG4__SENSOR_DATA.list
 
16:09:55 **** Incremental Build of configuration Debug for project LSM303AG4__SENSOR_DATA ****
make -j4 all 
arm-none-eabi-size   LSM303AG4__SENSOR_DATA.elf 
   text	   data	    bss	    dec	    hex	filename
  43076	    520	   2856	  46452	   b574	LSM303AG4__SENSOR_DATA.elf
Finished building: default.size.stdout
 
16:13:23 **** Incremental Build of configuration Debug for project LSM303AG4__SENSOR_DATA ****
make -j4 all 
arm-none-eabi-size   LSM303AG4__SENSOR_DATA.elf 
   text	   data	    bss	    dec	    hex	filename
  43076	    520	   2856	  46452	   b574	LSM303AG4__SENSOR_DATA.elf
Finished building: default.size.stdout
 
16:34:19 **** Incremental Build of configuration Debug for project LSM303AG4__SENSOR_DATA ****
make -j4 all 
arm-none-eabi-size   LSM303AG4__SENSOR_DATA.elf 
   text	   data	    bss	    dec	    hex	filename
  43076	    520	   2856	  46452	   b574	LSM303AG4__SENSOR_DATA.elf
Finished building: default.size.stdout
 
16:36:32 **** Incremental Build of configuration Debug for project LSM303AG4__SENSOR_DATA ****
make -j4 all 
arm-none-eabi-size   LSM303AG4__SENSOR_DATA.elf 
   text	   data	    bss	    dec	    hex	filename
  43076	    520	   2856	  46452	   b574	LSM303AG4__SENSOR_DATA.elf
Finished building: default.size.stdout
 
17:07:07 **** Incremental Build of configuration Debug for project LSM303AG4__SENSOR_DATA ****
make -j4 all 
arm-none-eabi-size   LSM303AG4__SENSOR_DATA.elf 
   text	   data	    bss	    dec	    hex	filename
  43076	    520	   2856	  46452	   b574	LSM303AG4__SENSOR_DATA.elf
Finished building: default.size.stdout
 
17:08:59 **** Incremental Build of configuration Debug for project LSM303AG4__SENSOR_DATA ****
make -j4 all 
arm-none-eabi-size   LSM303AG4__SENSOR_DATA.elf 
   text	   data	    bss	    dec	    hex	filename
  43076	    520	   2856	  46452	   b574	LSM303AG4__SENSOR_DATA.elf
Finished building: default.size.stdout
 
17:33:45 **** Incremental Build of configuration Debug for project LSM303AG4__SENSOR_DATA ****
make -j4 all 
arm-none-eabi-size   LSM303AG4__SENSOR_DATA.elf 
   text	   data	    bss	    dec	    hex	filename
  43076	    520	   2856	  46452	   b574	LSM303AG4__SENSOR_DATA.elf
Finished building: default.size.stdout
 
17:47:27 **** Incremental Build of configuration Debug for project LSM303AG4__SENSOR_DATA ****
make -j4 all 
arm-none-eabi-size   LSM303AG4__SENSOR_DATA.elf 
   text	   data	    bss	    dec	    hex	filename
  43076	    520	   2856	  46452	   b574	LSM303AG4__SENSOR_DATA.elf
Finished building: default.size.stdout
 
17:48:28 **** Incremental Build of configuration Debug for project LSM303AG4__SENSOR_DATA ****
make -j4 all 
arm-none-eabi-size   LSM303AG4__SENSOR_DATA.elf 
   text	   data	    bss	    dec	    hex	filename
  43076	    520	   2856	  46452	   b574	LSM303AG4__SENSOR_DATA.elf
Finished building: default.size.stdout
 
17:50:34 **** Incremental Build of configuration Debug for project LSM303AG4__SENSOR_DATA ****
make -j4 all 
arm-none-eabi-size   LSM303AG4__SENSOR_DATA.elf 
   text	   data	    bss	    dec	    hex	filename
  43076	    520	   2856	  46452	   b574	LSM303AG4__SENSOR_DATA.elf
Finished building: default.size.stdout
 
18:01:13 **** Incremental Build of configuration Debug for project LSM303AG4__SENSOR_DATA ****
make -j4 all 
arm-none-eabi-size   LSM303AG4__SENSOR_DATA.elf 
   text	   data	    bss	    dec	    hex	filename
  43076	    520	   2856	  46452	   b574	LSM303AG4__SENSOR_DATA.elf
Finished building: default.size.stdout
 
18:06:53 **** Incremental Build of configuration Debug for project LSM303AG4__SENSOR_DATA ****
make -j4 all 
arm-none-eabi-size   LSM303AG4__SENSOR_DATA.elf 
   text	   data	    bss	    dec	    hex	filename
  43076	    520	   2856	  46452	   b574	LSM303AG4__SENSOR_DATA.elf
Finished building: default.size.stdout
 
18:07:28 **** Incremental Build of configuration Debug for project LSM303AG4__SENSOR_DATA ****
make -j4 all 
arm-none-eabi-size   LSM303AG4__SENSOR_DATA.elf 
   text	   data	    bss	    dec	    hex	filename
  43076	    520	   2856	  46452	   b574	LSM303AG4__SENSOR_DATA.elf
Finished building: default.size.stdout
 
18:12:28 **** Incremental Build of configuration Debug for project LSM303AG4__SENSOR_DATA ****
make -j4 all 
arm-none-eabi-size   LSM303AG4__SENSOR_DATA.elf 
   text	   data	    bss	    dec	    hex	filename
  43076	    520	   2856	  46452	   b574	LSM303AG4__SENSOR_DATA.elf
Finished building: default.size.stdout
 
