../Drivers/CMSIS/Include/core_cm4.h:1809:22:__NVIC_SetPriority	16	static
../Drivers/CMSIS/Include/core_cm4.h:2017:26:SysTick_Config	16	static
../Core/Src/main.c:84:6:HAL_GPIO_EXTI_Callback	16	static
../Core/Src/main.c:161:5:main	8	static
../Core/Src/main.c:268:6:SystemClock_Config	96	static
../Core/Src/main.c:320:13:MX_LPUART1_UART_Init	8	static
../Core/Src/main.c:354:13:MX_RTC_Init	80	static
../Core/Src/main.c:444:13:MX_TIM1_Init	40	static
../Core/Src/main.c:492:13:MX_TIM2_Init	40	static
../Core/Src/main.c:542:13:MX_GPIO_Init	48	static
../Core/Src/main.c:595:10:millis	4	static
../Core/Src/main.c:599:6:HAL_TIM_PeriodElapsedCallback	16	static
../Core/Src/main.c:605:6:initializeTimer	16	static
../Core/Src/main.c:618:6:enterStopMode	8	static
../Core/Src/main.c:637:6:Error_Handler	4	static,ignoring_inline_asm
